ARM Linker, 5.03 [Build 24] [MDK-ARM Professional]

==============================================================================

Section Cross References

    main.o(.text) refers to _printf_percent.o(.ARM.Collect$$_printf_percent$$00000000) for _printf_percent
    main.o(.text) refers to _printf_f.o(.ARM.Collect$$_printf_percent$$00000003) for _printf_f
    main.o(.text) refers to printf1.o(x$fpl$printf1) for _printf_fp_dec
    main.o(.text) refers to delay.o(.text) for delay_init
    main.o(.text) refers to led.o(.text) for LED_Init
    main.o(.text) refers to sys.o(.text) for NVIC_Configuration
    main.o(.text) refers to usart.o(.text) for uart_init
    main.o(.text) refers to exti.o(.text) for EXTIX_Init
    main.o(.text) refers to 24l01.o(.text) for NRF24L01_Init
    main.o(.text) refers to noretval__2printf.o(.text) for __2printf
    main.o(.text) refers to pwm.o(.text) for TIM2_PWM_Init
    main.o(.text) refers to timer.o(.text) for TIM3_Int_Init
    main.o(.text) refers to myiic.o(.text) for IIC_Init
    main.o(.text) refers to mpu6050.o(.text) for InitMPU6050
    main.o(.text) refers to hmc.o(.text) for Init_HMC5883
    main.o(.text) refers to suanfa.o(.text) for suanfa_GetOrigin
    main.o(.text) refers to pid.o(.text) for PID_Parameter_Init
    main.o(.text) refers to data_transfer.o(.text) for lock
    main.o(.text) refers to stm32f10x_exti.o(.text) for EXTI_GetITStatus
    main.o(.text) refers to stm32f10x_tim.o(.text) for TIM_Cmd
    main.o(.text) refers to data_transfer.o(.data) for LOCK
    main.o(.text) refers to motor.o(.data) for Power
    main.o(.text) refers to mpu6050.o(.bss) for EA
    system_stm32f10x.o(.text) refers to system_stm32f10x.o(.data) for SystemCoreClock
    startup_stm32f10x_hd.o(STACK) refers (Special) to heapauxi.o(.text) for __use_two_region_memory
    startup_stm32f10x_hd.o(HEAP) refers (Special) to heapauxi.o(.text) for __use_two_region_memory
    startup_stm32f10x_hd.o(RESET) refers (Special) to heapauxi.o(.text) for __use_two_region_memory
    startup_stm32f10x_hd.o(RESET) refers to startup_stm32f10x_hd.o(STACK) for __initial_sp
    startup_stm32f10x_hd.o(RESET) refers to startup_stm32f10x_hd.o(.text) for Reset_Handler
    startup_stm32f10x_hd.o(RESET) refers to stm32f10x_it.o(.text) for NMI_Handler
    startup_stm32f10x_hd.o(RESET) refers to main.o(.text) for EXTI9_5_IRQHandler
    startup_stm32f10x_hd.o(RESET) refers to timer.o(.text) for TIM3_IRQHandler
    startup_stm32f10x_hd.o(RESET) refers to usart.o(.text) for USART1_IRQHandler
    startup_stm32f10x_hd.o(.text) refers (Special) to heapauxi.o(.text) for __use_two_region_memory
    startup_stm32f10x_hd.o(.text) refers to system_stm32f10x.o(.text) for SystemInit
    startup_stm32f10x_hd.o(.text) refers to __main.o(!!!main) for __main
    startup_stm32f10x_hd.o(.text) refers to startup_stm32f10x_hd.o(HEAP) for Heap_Mem
    startup_stm32f10x_hd.o(.text) refers to startup_stm32f10x_hd.o(STACK) for Stack_Mem
    stm32f10x_adc.o(.text) refers to stm32f10x_rcc.o(.text) for RCC_APB2PeriphResetCmd
    stm32f10x_bkp.o(.text) refers to stm32f10x_rcc.o(.text) for RCC_BackupResetCmd
    stm32f10x_can.o(.text) refers to stm32f10x_rcc.o(.text) for RCC_APB1PeriphResetCmd
    stm32f10x_cec.o(.text) refers to stm32f10x_rcc.o(.text) for RCC_APB1PeriphResetCmd
    stm32f10x_dac.o(.text) refers to stm32f10x_rcc.o(.text) for RCC_APB1PeriphResetCmd
    stm32f10x_gpio.o(.text) refers to stm32f10x_rcc.o(.text) for RCC_APB2PeriphResetCmd
    stm32f10x_i2c.o(.text) refers to stm32f10x_rcc.o(.text) for RCC_APB1PeriphResetCmd
    stm32f10x_pwr.o(.text) refers to stm32f10x_rcc.o(.text) for RCC_APB1PeriphResetCmd
    stm32f10x_rcc.o(.text) refers to stm32f10x_rcc.o(.data) for APBAHBPrescTable
    stm32f10x_spi.o(.text) refers to stm32f10x_rcc.o(.text) for RCC_APB2PeriphResetCmd
    stm32f10x_tim.o(.text) refers to stm32f10x_rcc.o(.text) for RCC_APB2PeriphResetCmd
    stm32f10x_usart.o(.text) refers to stm32f10x_rcc.o(.text) for RCC_APB2PeriphResetCmd
    stm32f10x_wwdg.o(.text) refers to stm32f10x_rcc.o(.text) for RCC_APB1PeriphResetCmd
    delay.o(.text) refers to misc.o(.text) for SysTick_CLKSourceConfig
    delay.o(.text) refers to system_stm32f10x.o(.data) for SystemCoreClock
    delay.o(.text) refers to delay.o(.data) for fac_us
    sys.o(.text) refers to misc.o(.text) for NVIC_PriorityGroupConfig
    usart.o(.text) refers (Special) to use_no_semi_2.o(.text) for __use_no_semihosting
    usart.o(.text) refers to stm32f10x_rcc.o(.text) for RCC_APB2PeriphClockCmd
    usart.o(.text) refers to stm32f10x_gpio.o(.text) for GPIO_Init
    usart.o(.text) refers to misc.o(.text) for NVIC_Init
    usart.o(.text) refers to stm32f10x_usart.o(.text) for USART_Init
    usart.o(.text) refers to usart.o(.data) for USART_RX_STA
    usart.o(.text) refers to usart.o(.bss) for USART_RX_BUF
    usart.o(.bss) refers (Special) to use_no_semi_2.o(.text) for __use_no_semihosting
[...]
    __rt_lib_init_lc_ctype_2                 0x080001bd   Thumb Code     0  libinit2.o(.ARM.Collect$$libinit$$00000010)
    __rt_lib_init_lc_ctype_1                 0x080001c9   Thumb Code     0  libinit2.o(.ARM.Collect$$libinit$$00000011)
    __rt_lib_init_lc_monetary_1              0x080001c9   Thumb Code     0  libinit2.o(.ARM.Collect$$libinit$$00000013)
    __rt_lib_init_lc_numeric_2               0x080001c9   Thumb Code     0  libinit2.o(.ARM.Collect$$libinit$$00000014)
    __rt_lib_init_alloca_1                   0x080001d3   Thumb Code     0  libinit2.o(.ARM.Collect$$libinit$$0000002C)
    __rt_lib_init_argv_1                     0x080001d3   Thumb Code     0  libinit2.o(.ARM.Collect$$libinit$$0000002A)
    __rt_lib_init_atexit_1                   0x080001d3   Thumb Code     0  libinit2.o(.ARM.Collect$$libinit$$00000019)
    __rt_lib_init_clock_1                    0x080001d3   Thumb Code     0  libinit2.o(.ARM.Collect$$libinit$$0000001F)
    __rt_lib_init_cpp_1                      0x080001d3   Thumb Code     0  libinit2.o(.ARM.Collect$$libinit$$00000030)
    __rt_lib_init_exceptions_1               0x080001d3   Thumb Code     0  libinit2.o(.ARM.Collect$$libinit$$0000002E)
    __rt_lib_init_fp_trap_1                  0x080001d3   Thumb Code     0  libinit2.o(.ARM.Collect$$libinit$$0000001D)
    __rt_lib_init_getenv_1                   0x080001d3   Thumb Code     0  libinit2.o(.ARM.Collect$$libinit$$00000021)
    __rt_lib_init_lc_numeric_1               0x080001d3   Thumb Code     0  libinit2.o(.ARM.Collect$$libinit$$00000015)
    __rt_lib_init_lc_time_1                  0x080001d3   Thumb Code     0  libinit2.o(.ARM.Collect$$libinit$$00000017)
    __rt_lib_init_return                     0x080001d3   Thumb Code     0  libinit2.o(.ARM.Collect$$libinit$$00000031)
    __rt_lib_init_signal_1                   0x080001d3   Thumb Code     0  libinit2.o(.ARM.Collect$$libinit$$0000001B)
    __rt_lib_init_stdio_1                    0x080001d3   Thumb Code     0  libinit2.o(.ARM.Collect$$libinit$$00000023)
    __rt_lib_shutdown                        0x080001d5   Thumb Code     0  libshutdown.o(.ARM.Collect$$libshutdown$$00000000)
    __rt_lib_shutdown_fp_trap_1              0x080001d7   Thumb Code     0  libshutdown2.o(.ARM.Collect$$libshutdown$$00000006)
    __rt_lib_shutdown_heap_1                 0x080001d7   Thumb Code     0  libshutdown2.o(.ARM.Collect$$libshutdown$$0000000E)
    __rt_lib_shutdown_return                 0x080001d7   Thumb Code     0  libshutdown2.o(.ARM.Collect$$libshutdown$$0000000F)
    __rt_lib_shutdown_signal_1               0x080001d7   Thumb Code     0  libshutdown2.o(.ARM.Collect$$libshutdown$$00000009)
    __rt_lib_shutdown_stdio_1                0x080001d7   Thumb Code     0  libshutdown2.o(.ARM.Collect$$libshutdown$$00000003)
    __rt_lib_shutdown_user_alloc_1           0x080001d7   Thumb Code     0  libshutdown2.o(.ARM.Collect$$libshutdown$$0000000B)
    __rt_entry                               0x080001d9   Thumb Code     0  rtentry.o(.ARM.Collect$$rtentry$$00000000)
    __rt_entry_presh_1                       0x080001d9   Thumb Code     0  rtentry2.o(.ARM.Collect$$rtentry$$00000002)
    __rt_entry_sh                            0x080001d9   Thumb Code     0  rtentry4.o(.ARM.Collect$$rtentry$$00000004)
    __rt_entry_li                            0x080001df   Thumb Code     0  rtentry2.o(.ARM.Collect$$rtentry$$0000000A)
    __rt_entry_postsh_1                      0x080001df   Thumb Code     0  rtentry2.o(.ARM.Collect$$rtentry$$00000009)
    __rt_entry_main                          0x080001e3   Thumb Code     0  rtentry2.o(.ARM.Collect$$rtentry$$0000000D)
    __rt_entry_postli_1                      0x080001e3   Thumb Code     0  rtentry2.o(.ARM.Collect$$rtentry$$0000000C)
    __rt_exit                                0x080001eb   Thumb Code     0  rtexit.o(.ARM.Collect$$rtexit$$00000000)
    __rt_exit_ls                             0x080001ed   Thumb Code     0  rtexit2.o(.ARM.Collect$$rtexit$$00000003)
    __rt_exit_prels_1                        0x080001ed   Thumb Code     0  rtexit2.o(.ARM.Collect$$rtexit$$00000002)
    __rt_exit_exit                           0x080001f1   Thumb Code     0  rtexit2.o(.ARM.Collect$$rtexit$$00000004)
    main                                     0x080001f9   Thumb Code   360  main.o(.text)
    EXTI9_5_IRQHandler                       0x08000361   Thumb Code    60  main.o(.text)
    TIM4_IRQHandler                          0x0800039d   Thumb Code    26  main.o(.text)
    NMI_Handler                              0x08000429   Thumb Code     2  stm32f10x_it.o(.text)
    HardFault_Handler                        0x0800042b   Thumb Code     4  stm32f10x_it.o(.text)
    MemManage_Handler                        0x0800042f   Thumb Code     4  stm32f10x_it.o(.text)
    BusFault_Handler                         0x08000433   Thumb Code     4  stm32f10x_it.o(.text)
    UsageFault_Handler                       0x08000437   Thumb Code     4  stm32f10x_it.o(.text)
    SVC_Handler                              0x0800043b   Thumb Code     2  stm32f10x_it.o(.text)
    DebugMon_Handler                         0x0800043d   Thumb Code     2  stm32f10x_it.o(.text)
    PendSV_Handler                           0x0800043f   Thumb Code     2  stm32f10x_it.o(.text)
    SysTick_Handler                          0x08000441   Thumb Code     2  stm32f10x_it.o(.text)
    SystemInit                               0x08000521   Thumb Code    78  system_stm32f10x.o(.text)
    SystemCoreClockUpdate                    0x0800056f   Thumb Code   142  system_stm32f10x.o(.text)
    Reset_Handler                            0x08000621   Thumb Code     8  startup_stm32f10x_hd.o(.text)
    ADC1_2_IRQHandler                        0x0800063b   Thumb Code     0  startup_stm32f10x_hd.o(.text)
    ADC3_IRQHandler                          0x0800063b   Thumb Code     0  startup_stm32f10x_hd.o(.text)
    CAN1_RX1_IRQHandler                      0x0800063b   Thumb Code     0  startup_stm32f10x_hd.o(.text)
    CAN1_SCE_IRQHandler                      0x0800063b   Thumb Code     0  startup_stm32f10x_hd.o(.text)
    DMA1_Channel1_IRQHandler                 0x0800063b   Thumb Code     0  startup_stm32f10x_hd.o(.text)
    DMA1_Channel2_IRQHandler                 0x0800063b   Thumb Code     0  startup_stm32f10x_hd.o(.text)
    DMA1_Channel3_IRQHandler                 0x0800063b   Thumb Code     0  startup_stm32f10x_hd.o(.text)
    DMA1_Channel4_IRQHandler                 0x0800063b   Thumb Code     0  startup_stm32f10x_hd.o(.text)
    DMA1_Channel5_IRQHandler                 0x0800063b   Thumb Code     0  startup_stm32f10x_hd.o(.text)
    DMA1_Channel6_IRQHandler                 0x0800063b   Thumb Code     0  startup_stm32f10x_hd.o(.text)
    DMA1_Channel7_IRQHandler                 0x0800063b   Thumb Code     0  startup_stm32f10x_hd.o(.text)
    DMA2_Channel1_IRQHandler                 0x0800063b   Thumb Code     0  startup_stm32f10x_hd.o(.text)
    DMA2_Channel2_IRQHandler                 0x0800063b   Thumb Code     0  startup_stm32f10x_hd.o(.text)
    DMA2_Channel3_IRQHandler                 0x0800063b   Thumb Code     0  startup_stm32f10x_hd.o(.text)
    DMA2_Channel4_5_IRQHandler               0x0800063b   Thumb Code     0  startup_stm32f10x_hd.o(.text)
    EXTI0_IRQHandler                         0x0800063b   Thumb Code     0  startup_stm32f10x_hd.o(.text)
    EXTI15_10_IRQHandler                     0x0800063b   Thumb Code     0  startup_stm32f10x_hd.o(.text)
    EXTI1_IRQHandler                         0x0800063b   Thumb Code     0  startup_stm32f10x_hd.o(.text)
    EXTI2_IRQHandler                         0x0800063b   Thumb Code     0  startup_stm32f10x_hd.o(.text)
    EXTI3_IRQHandler                         0x0800063b   Thumb Code     0  startup_stm32f10x_hd.o(.text)
    EXTI4_IRQHandler                         0x0800063b   Thumb Code     0  startup_stm32f10x_hd.o(.text)
    FLASH_IRQHandler                         0x0800063b   Thumb Code     0  startup_stm32f10x_hd.o(.text)
    FSMC_IRQHandler                          0x0800063b   Thumb Code     0  startup_stm32f10x_hd.o(.text)
    I2C1_ER_IRQHandler                       0x0800063b   Thumb Code     0  startup_stm32f10x_hd.o(.text)
    I2C1_EV_IRQHandler                       0x0800063b   Thumb Code     0  startup_stm32f10x_hd.o(.text)
    I2C2_ER_IRQHandler                       0x0800063b   Thumb Code     0  startup_stm32f10x_hd.o(.text)
    I2C2_EV_IRQHandler                       0x0800063b   Thumb Code     0  startup_stm32f10x_hd.o(.text)
    PVD_IRQHandler                           0x0800063b   Thumb Code     0  startup_stm32f10x_hd.o(.text)
    RCC_IRQHandler                           0x0800063b   Thumb Code     0  startup_stm32f10x_hd.o(.text)
    RTCAlarm_IRQHandler                      0x0800063b   Thumb Code     0  startup_stm32f10x_hd.o(.text)
    RTC_IRQHandler                           0x0800063b   Thumb Code     0  startup_stm32f10x_hd.o(.text)
    SDIO_IRQHandler                          0x0800063b   Thumb Code     0  startup_stm32f10x_hd.o(.text)
    SPI1_IRQHandler                          0x0800063b   Thumb Code     0  startup_stm32f10x_hd.o(.text)
    SPI2_IRQHandler                          0x0800063b   Thumb Code     0  startup_stm32f10x_hd.o(.text)
    SPI3_IRQHandler                          0x0800063b   Thumb Code     0  startup_stm32f10x_hd.o(.text)
    TAMPER_IRQHandler                        0x0800063b   Thumb Code     0  startup_stm32f10x_hd.o(.text)
    TIM1_BRK_IRQHandler                      0x0800063b   Thumb Code     0  startup_stm32f10x_hd.o(.text)
    TIM1_CC_IRQHandler                       0x0800063b   Thumb Code     0  startup_stm32f10x_hd.o(.text)
    TIM1_TRG_COM_IRQHandler                  0x0800063b   Thumb Code     0  startup_stm32f10x_hd.o(.text)
    TIM1_UP_IRQHandler                       0x0800063b   Thumb Code     0  startup_stm32f10x_hd.o(.text)
    TIM2_IRQHandler                          0x0800063b   Thumb Code     0  startup_stm32f10x_hd.o(.text)
    TIM5_IRQHandler                          0x0800063b   Thumb Code     0  startup_stm32f10x_hd.o(.text)
    TIM6_IRQHandler                          0x0800063b   Thumb Code     0  startup_stm32f10x_hd.o(.text)
    TIM7_IRQHandler                          0x0800063b   Thumb Code     0  startup_stm32f10x_hd.o(.text)
    TIM8_BRK_IRQHandler                      0x0800063b   Thumb Code     0  startup_stm32f10x_hd.o(.text)
    TIM8_CC_IRQHandler                       0x0800063b   Thumb Code     0  startup_stm32f10x_hd.o(.text)
    TIM8_TRG_COM_IRQHandler                  0x0800063b   Thumb Code     0  startup_stm32f10x_hd.o(.text)
    TIM8_UP_IRQHandler                       0x0800063b   Thumb Code     0  startup_stm32f10x_hd.o(.text)
    UART4_IRQHandler                         0x0800063b   Thumb Code     0  startup_stm32f10x_hd.o(.text)
    UART5_IRQHandler                         0x0800063b   Thumb Code     0  startup_stm32f10x_hd.o(.text)
    USART2_IRQHandler                        0x0800063b   Thumb Code     0  startup_stm32f10x_hd.o(.text)
    USART3_IRQHandler                        0x0800063b   Thumb Code     0  startup_stm32f10x_hd.o(.text)
    USBWakeUp_IRQHandler                     0x0800063b   Thumb Code     0  startup_stm32f10x_hd.o(.text)
    USB_HP_CAN1_TX_IRQHandler                0x0800063b   Thumb Code     0  startup_stm32f10x_hd.o(.text)
    USB_LP_CAN1_RX0_IRQHandler               0x0800063b   Thumb Code     0  startup_stm32f10x_hd.o(.text)
    WWDG_IRQHandler                          0x0800063b   Thumb Code     0  startup_stm32f10x_hd.o(.text)
    __user_initial_stackheap                 0x0800063d   Thumb Code     0  startup_stm32f10x_hd.o(.text)
    NVIC_PriorityGroupConfig                 0x08000661   Thumb Code    10  misc.o(.text)
    NVIC_Init                                0x0800066b   Thumb Code   102  misc.o(.text)
    NVIC_SetVectorTable                      0x080006d1   Thumb Code    14  misc.o(.text)
    NVIC_SystemLPConfig                      0x080006df   Thumb Code    34  misc.o(.text)
    SysTick_CLKSourceConfig                  0x08000701   Thumb Code    40  misc.o(.text)
    EXTI_DeInit                              0x0800073d   Thumb Code    28  stm32f10x_exti.o(.text)
    EXTI_Init                                0x08000759   Thumb Code   142  stm32f10x_exti.o(.text)
    EXTI_StructInit                          0x080007e7   Thumb Code    16  stm32f10x_exti.o(.text)
    EXTI_GenerateSWInterrupt                 0x080007f7   Thumb Code    16  stm32f10x_exti.o(.text)
    EXTI_GetFlagStatus                       0x08000807   Thumb Code    22  stm32f10x_exti.o(.text)
    EXTI_ClearFlag                           0x0800081d   Thumb Code     8  stm32f10x_exti.o(.text)
    EXTI_GetITStatus                         0x08000825   Thumb Code    34  stm32f10x_exti.o(.text)
    EXTI_ClearITPendingBit                   0x08000847   Thumb Code     8  stm32f10x_exti.o(.text)
    GPIO_DeInit                              0x08000859   Thumb Code   172  stm32f10x_gpio.o(.text)
    GPIO_AFIODeInit                          0x08000905   Thumb Code    20  stm32f10x_gpio.o(.text)
    GPIO_Init                                0x08000919   Thumb Code   274  stm32f10x_gpio.o(.text)
    GPIO_StructInit                          0x08000a2b   Thumb Code    16  stm32f10x_gpio.o(.text)
    GPIO_ReadInputDataBit                    0x08000a3b   Thumb Code    18  stm32f10x_gpio.o(.text)
    GPIO_ReadInputData                       0x08000a4d   Thumb Code     8  stm32f10x_gpio.o(.text)
    GPIO_ReadOutputDataBit                   0x08000a55   Thumb Code    18  stm32f10x_gpio.o(.text)
    GPIO_ReadOutputData                      0x08000a67   Thumb Code     8  stm32f10x_gpio.o(.text)
    GPIO_SetBits                             0x08000a6f   Thumb Code     4  stm32f10x_gpio.o(.text)
    GPIO_ResetBits                           0x08000a73   Thumb Code     4  stm32f10x_gpio.o(.text)
    GPIO_WriteBit                            0x08000a77   Thumb Code    10  stm32f10x_gpio.o(.text)
    GPIO_Write                               0x08000a81   Thumb Code     4  stm32f10x_gpio.o(.text)
    GPIO_PinLockConfig                       0x08000a85   Thumb Code    18  stm32f10x_gpio.o(.text)
    GPIO_EventOutputConfig                   0x08000a97   Thumb Code    26  stm32f10x_gpio.o(.text)
    GPIO_EventOutputCmd                      0x08000ab1   Thumb Code     6  stm32f10x_gpio.o(.text)
    GPIO_PinRemapConfig                      0x08000ab7   Thumb Code   138  stm32f10x_gpio.o(.text)
    GPIO_EXTILineConfig                      0x08000b41   Thumb Code    66  stm32f10x_gpio.o(.text)
    GPIO_ETH_MediaInterfaceConfig            0x08000b83   Thumb Code     6  stm32f10x_gpio.o(.text)
    RCC_DeInit                               0x08000bb1   Thumb Code    64  stm32f10x_rcc.o(.text)
    RCC_HSEConfig                            0x08000bf1   Thumb Code    70  stm32f10x_rcc.o(.text)
    RCC_GetFlagStatus                        0x08000c37   Thumb Code    56  stm32f10x_rcc.o(.text)
    RCC_WaitForHSEStartUp                    0x08000c6f   Thumb Code    56  stm32f10x_rcc.o(.text)
    RCC_AdjustHSICalibrationValue            0x08000ca7   Thumb Code    20  stm32f10x_rcc.o(.text)
    RCC_HSICmd                               0x08000cbb   Thumb Code     6  stm32f10x_rcc.o(.text)
    RCC_PLLConfig                            0x08000cc1   Thumb Code    24  stm32f10x_rcc.o(.text)
    RCC_PLLCmd                               0x08000cd9   Thumb Code     6  stm32f10x_rcc.o(.text)
    RCC_SYSCLKConfig                         0x08000cdf   Thumb Code    18  stm32f10x_rcc.o(.text)
    RCC_GetSYSCLKSource                      0x08000cf1   Thumb Code    10  stm32f10x_rcc.o(.text)
    RCC_HCLKConfig                           0x08000cfb   Thumb Code    18  stm32f10x_rcc.o(.text)
    RCC_PCLK1Config                          0x08000d0d   Thumb Code    18  stm32f10x_rcc.o(.text)
    RCC_PCLK2Config                          0x08000d1f   Thumb Code    20  stm32f10x_rcc.o(.text)
    RCC_ITConfig                             0x08000d33   Thumb Code    26  stm32f10x_rcc.o(.text)
    RCC_USBCLKConfig                         0x08000d4d   Thumb Code     6  stm32f10x_rcc.o(.text)
    RCC_ADCCLKConfig                         0x08000d53   Thumb Code    18  stm32f10x_rcc.o(.text)
    RCC_LSEConfig                            0x08000d65   Thumb Code    44  stm32f10x_rcc.o(.text)
    RCC_LSICmd                               0x08000d91   Thumb Code     6  stm32f10x_rcc.o(.text)
    RCC_RTCCLKConfig                         0x08000d97   Thumb Code    12  stm32f10x_rcc.o(.text)
    RCC_RTCCLKCmd                            0x08000da3   Thumb Code     8  stm32f10x_rcc.o(.text)
    RCC_GetClocksFreq                        0x08000dab   Thumb Code   192  stm32f10x_rcc.o(.text)
    RCC_AHBPeriphClockCmd                    0x08000e6b   Thumb Code    26  stm32f10x_rcc.o(.text)
    RCC_APB2PeriphClockCmd                   0x08000e85   Thumb Code    26  stm32f10x_rcc.o(.text)
    RCC_APB1PeriphClockCmd                   0x08000e9f   Thumb Code    26  stm32f10x_rcc.o(.text)
    RCC_APB2PeriphResetCmd                   0x08000eb9   Thumb Code    26  stm32f10x_rcc.o(.text)
    RCC_APB1PeriphResetCmd                   0x08000ed3   Thumb Code    26  stm32f10x_rcc.o(.text)
    RCC_BackupResetCmd                       0x08000eed   Thumb Code     8  stm32f10x_rcc.o(.text)
    RCC_ClockSecuritySystemCmd               0x08000ef5   Thumb Code     6  stm32f10x_rcc.o(.text)
    RCC_MCOConfig                            0x08000efb   Thumb Code     6  stm32f10x_rcc.o(.text)
    RCC_ClearFlag                            0x08000f01   Thumb Code    14  stm32f10x_rcc.o(.text)
    RCC_GetITStatus                          0x08000f0f   Thumb Code    20  stm32f10x_rcc.o(.text)
    RCC_ClearITPendingBit                    0x08000f23   Thumb Code     6  stm32f10x_rcc.o(.text)
    SPI_I2S_DeInit                           0x08000f55   Thumb Code    76  stm32f10x_spi.o(.text)
    SPI_Init                                 0x08000fa1   Thumb Code    60  stm32f10x_spi.o(.text)
    I2S_Init                                 0x08000fdd   Thumb Code   226  stm32f10x_spi.o(.text)
    SPI_StructInit                           0x080010bf   Thumb Code    24  stm32f10x_spi.o(.text)
    I2S_StructInit                           0x080010d7   Thumb Code    20  stm32f10x_spi.o(.text)
    SPI_Cmd                                  0x080010eb   Thumb Code    24  stm32f10x_spi.o(.text)
    I2S_Cmd                                  0x08001103   Thumb Code    24  stm32f10x_spi.o(.text)
    SPI_I2S_ITConfig                         0x0800111b   Thumb Code    32  stm32f10x_spi.o(.text)
    SPI_I2S_DMACmd                           0x0800113b   Thumb Code    18  stm32f10x_spi.o(.text)
    SPI_I2S_SendData                         0x0800114d   Thumb Code     4  stm32f10x_spi.o(.text)
    SPI_I2S_ReceiveData                      0x08001151   Thumb Code     6  stm32f10x_spi.o(.text)
    SPI_NSSInternalSoftwareConfig            0x08001157   Thumb Code    30  stm32f10x_spi.o(.text)
    SPI_SSOutputCmd                          0x08001175   Thumb Code    24  stm32f10x_spi.o(.text)
    SPI_DataSizeConfig                       0x0800118d   Thumb Code    18  stm32f10x_spi.o(.text)
    SPI_TransmitCRC                          0x0800119f   Thumb Code    10  stm32f10x_spi.o(.text)
    SPI_CalculateCRC                         0x080011a9   Thumb Code    24  stm32f10x_spi.o(.text)
    SPI_GetCRC                               0x080011c1   Thumb Code    16  stm32f10x_spi.o(.text)
    SPI_GetCRCPolynomial                     0x080011d1   Thumb Code     6  stm32f10x_spi.o(.text)
    SPI_BiDirectionalLineConfig              0x080011d7   Thumb Code    28  stm32f10x_spi.o(.text)
    SPI_I2S_GetFlagStatus                    0x080011f3   Thumb Code    18  stm32f10x_spi.o(.text)
    SPI_I2S_ClearFlag                        0x08001205   Thumb Code     6  stm32f10x_spi.o(.text)
    SPI_I2S_GetITStatus                      0x0800120b   Thumb Code    52  stm32f10x_spi.o(.text)
    SPI_I2S_ClearITPendingBit                0x0800123f   Thumb Code    20  stm32f10x_spi.o(.text)
    TIM_DeInit                               0x08001261   Thumb Code   424  stm32f10x_tim.o(.text)
    TIM_TimeBaseInit                         0x08001409   Thumb Code   122  stm32f10x_tim.o(.text)
    TIM_OC1Init                              0x08001483   Thumb Code   132  stm32f10x_tim.o(.text)
    TIM_OC2Init                              0x08001507   Thumb Code   154  stm32f10x_tim.o(.text)
    TIM_OC3Init                              0x080015a1   Thumb Code   150  stm32f10x_tim.o(.text)
    TIM_OC4Init                              0x08001637   Thumb Code   182  stm32f10x_tim.o(.text)
    TIM_SetIC4Prescaler                      0x080016ed   Thumb Code    26  stm32f10x_tim.o(.text)
    TIM_SetIC3Prescaler                      0x08001789   Thumb Code    18  stm32f10x_tim.o(.text)
    TIM_SetIC2Prescaler                      0x08001815   Thumb Code    26  stm32f10x_tim.o(.text)
    TIM_SetIC1Prescaler                      0x080018b1   Thumb Code    18  stm32f10x_tim.o(.text)
    TIM_ICInit                               0x0800192f   Thumb Code   150  stm32f10x_tim.o(.text)
    TIM_PWMIConfig                           0x080019c5   Thumb Code   124  stm32f10x_tim.o(.text)
    TIM_BDTRConfig                           0x08001a41   Thumb Code    32  stm32f10x_tim.o(.text)
    TIM_TimeBaseStructInit                   0x08001a61   Thumb Code    18  stm32f10x_tim.o(.text)
    TIM_OCStructInit                         0x08001a73   Thumb Code    20  stm32f10x_tim.o(.text)
    TIM_ICStructInit                         0x08001a87   Thumb Code    18  stm32f10x_tim.o(.text)
    TIM_BDTRStructInit                       0x08001a99   Thumb Code    40  stm32f10x_tim.o(.text)
    TIM_Cmd                                  0x08001ac1   Thumb Code    24  stm32f10x_tim.o(.text)
    TIM_CtrlPWMOutputs                       0x08001ad9   Thumb Code    30  stm32f10x_tim.o(.text)
    TIM_ITConfig                             0x08001af7   Thumb Code    18  stm32f10x_tim.o(.text)
    TIM_GenerateEvent                        0x08001b09   Thumb Code     4  stm32f10x_tim.o(.text)
    TIM_DMAConfig                            0x08001b0d   Thumb Code    10  stm32f10x_tim.o(.text)
    TIM_DMACmd                               0x08001b17   Thumb Code    18  stm32f10x_tim.o(.text)
    TIM_InternalClockConfig                  0x08001b29   Thumb Code    12  stm32f10x_tim.o(.text)
    TIM_SelectInputTrigger                   0x08001b35   Thumb Code    18  stm32f10x_tim.o(.text)
    TIM_ITRxExternalClockConfig              0x08001b47   Thumb Code    24  stm32f10x_tim.o(.text)
    TIM_TIxExternalClockConfig               0x08001b5f   Thumb Code    62  stm32f10x_tim.o(.text)
    TIM_ETRConfig                            0x08001b9d   Thumb Code    28  stm32f10x_tim.o(.text)
    TIM_ETRClockMode1Config                  0x08001bb9   Thumb Code    54  stm32f10x_tim.o(.text)
    TIM_ETRClockMode2Config                  0x08001bef   Thumb Code    32  stm32f10x_tim.o(.text)
    TIM_PrescalerConfig                      0x08001c0f   Thumb Code     6  stm32f10x_tim.o(.text)
    TIM_CounterModeConfig                    0x08001c15   Thumb Code    18  stm32f10x_tim.o(.text)
    TIM_EncoderInterfaceConfig               0x08001c27   Thumb Code    66  stm32f10x_tim.o(.text)
    TIM_ForcedOC1Config                      0x08001c69   Thumb Code    18  stm32f10x_tim.o(.text)
    TIM_ForcedOC2Config                      0x08001c7b   Thumb Code    26  stm32f10x_tim.o(.text)
    TIM_ForcedOC3Config                      0x08001c95   Thumb Code    18  stm32f10x_tim.o(.text)
    TIM_ForcedOC4Config                      0x08001ca7   Thumb Code    26  stm32f10x_tim.o(.text)
    TIM_ARRPreloadConfig                     0x08001cc1   Thumb Code    24  stm32f10x_tim.o(.text)
    TIM_SelectCOM                            0x08001cd9   Thumb Code    24  stm32f10x_tim.o(.text)
    TIM_SelectCCDMA                          0x08001cf1   Thumb Code    24  stm32f10x_tim.o(.text)
    TIM_CCPreloadControl                     0x08001d09   Thumb Code    24  stm32f10x_tim.o(.text)
    TIM_OC1PreloadConfig                     0x08001d21   Thumb Code    18  stm32f10x_tim.o(.text)
    TIM_OC2PreloadConfig                     0x08001d33   Thumb Code    26  stm32f10x_tim.o(.text)
    TIM_OC3PreloadConfig                     0x08001d4d   Thumb Code    18  stm32f10x_tim.o(.text)
    TIM_OC4PreloadConfig                     0x08001d5f   Thumb Code    26  stm32f10x_tim.o(.text)
    TIM_OC1FastConfig                        0x08001d79   Thumb Code    18  stm32f10x_tim.o(.text)
    TIM_OC2FastConfig                        0x08001d8b   Thumb Code    26  stm32f10x_tim.o(.text)
    TIM_OC3FastConfig                        0x08001da5   Thumb Code    18  stm32f10x_tim.o(.text)
    TIM_OC4FastConfig                        0x08001db7   Thumb Code    26  stm32f10x_tim.o(.text)
    TIM_ClearOC1Ref                          0x08001dd1   Thumb Code    18  stm32f10x_tim.o(.text)
    TIM_ClearOC2Ref                          0x08001de3   Thumb Code    24  stm32f10x_tim.o(.text)
    TIM_ClearOC3Ref                          0x08001dfb   Thumb Code    18  stm32f10x_tim.o(.text)
    TIM_ClearOC4Ref                          0x08001e0d   Thumb Code    24  stm32f10x_tim.o(.text)
    TIM_OC1PolarityConfig                    0x08001e25   Thumb Code    18  stm32f10x_tim.o(.text)
    TIM_OC1NPolarityConfig                   0x08001e37   Thumb Code    18  stm32f10x_tim.o(.text)
    TIM_OC2PolarityConfig                    0x08001e49   Thumb Code    26  stm32f10x_tim.o(.text)
    TIM_OC2NPolarityConfig                   0x08001e63   Thumb Code    26  stm32f10x_tim.o(.text)
    TIM_OC3PolarityConfig                    0x08001e7d   Thumb Code    26  stm32f10x_tim.o(.text)
    TIM_OC3NPolarityConfig                   0x08001e97   Thumb Code    26  stm32f10x_tim.o(.text)
    TIM_OC4PolarityConfig                    0x08001eb1   Thumb Code    26  stm32f10x_tim.o(.text)
    TIM_CCxCmd                               0x08001ecb   Thumb Code    30  stm32f10x_tim.o(.text)
    TIM_CCxNCmd                              0x08001ee9   Thumb Code    30  stm32f10x_tim.o(.text)
    TIM_SelectOCxM                           0x08001f07   Thumb Code    82  stm32f10x_tim.o(.text)
    TIM_UpdateDisableConfig                  0x08001f59   Thumb Code    24  stm32f10x_tim.o(.text)
    TIM_UpdateRequestConfig                  0x08001f71   Thumb Code    24  stm32f10x_tim.o(.text)
    TIM_SelectHallSensor                     0x08001f89   Thumb Code    24  stm32f10x_tim.o(.text)
    TIM_SelectOnePulseMode                   0x08001fa1   Thumb Code    18  stm32f10x_tim.o(.text)
    TIM_SelectOutputTrigger                  0x08001fb3   Thumb Code    18  stm32f10x_tim.o(.text)
    TIM_SelectSlaveMode                      0x08001fc5   Thumb Code    18  stm32f10x_tim.o(.text)
    TIM_SelectMasterSlaveMode                0x08001fd7   Thumb Code    18  stm32f10x_tim.o(.text)
    TIM_SetCounter                           0x08001fe9   Thumb Code     4  stm32f10x_tim.o(.text)
    TIM_SetAutoreload                        0x08001fed   Thumb Code     4  stm32f10x_tim.o(.text)
    TIM_SetCompare1                          0x08001ff1   Thumb Code     4  stm32f10x_tim.o(.text)
    TIM_SetCompare2                          0x08001ff5   Thumb Code     4  stm32f10x_tim.o(.text)
    TIM_SetCompare3                          0x08001ff9   Thumb Code     4  stm32f10x_tim.o(.text)
    TIM_SetCompare4                          0x08001ffd   Thumb Code     6  stm32f10x_tim.o(.text)
    TIM_SetClockDivision                     0x08002003   Thumb Code    18  stm32f10x_tim.o(.text)
    TIM_GetCapture1                          0x08002015   Thumb Code     6  stm32f10x_tim.o(.text)
    TIM_GetCapture2                          0x0800201b   Thumb Code     6  stm32f10x_tim.o(.text)
    TIM_GetCapture3                          0x08002021   Thumb Code     6  stm32f10x_tim.o(.text)
    TIM_GetCapture4                          0x08002027   Thumb Code     8  stm32f10x_tim.o(.text)
    TIM_GetCounter                           0x0800202f   Thumb Code     6  stm32f10x_tim.o(.text)
    TIM_GetPrescaler                         0x08002035   Thumb Code     6  stm32f10x_tim.o(.text)
    TIM_GetFlagStatus                        0x0800203b   Thumb Code    18  stm32f10x_tim.o(.text)
    TIM_ClearFlag                            0x0800204d   Thumb Code     6  stm32f10x_tim.o(.text)
    TIM_GetITStatus                          0x08002053   Thumb Code    34  stm32f10x_tim.o(.text)
    TIM_ClearITPendingBit                    0x08002075   Thumb Code     6  stm32f10x_tim.o(.text)
    USART_DeInit                             0x0800207d   Thumb Code   134  stm32f10x_usart.o(.text)
    USART_Init                               0x08002103   Thumb Code   210  stm32f10x_usart.o(.text)
    USART_StructInit                         0x080021d5   Thumb Code    24  stm32f10x_usart.o(.text)
    USART_ClockInit                          0x080021ed   Thumb Code    34  stm32f10x_usart.o(.text)
    USART_ClockStructInit                    0x0800220f   Thumb Code    12  stm32f10x_usart.o(.text)
    USART_Cmd                                0x0800221b   Thumb Code    24  stm32f10x_usart.o(.text)
    USART_ITConfig                           0x08002233   Thumb Code    74  stm32f10x_usart.o(.text)
    USART_DMACmd                             0x0800227d   Thumb Code    18  stm32f10x_usart.o(.text)
    USART_SetAddress                         0x0800228f   Thumb Code    18  stm32f10x_usart.o(.text)
    USART_WakeUpConfig                       0x080022a1   Thumb Code    18  stm32f10x_usart.o(.text)
    USART_ReceiverWakeUpCmd                  0x080022b3   Thumb Code    24  stm32f10x_usart.o(.text)
    USART_LINBreakDetectLengthConfig         0x080022cb   Thumb Code    18  stm32f10x_usart.o(.text)
    USART_LINCmd                             0x080022dd   Thumb Code    24  stm32f10x_usart.o(.text)
    USART_SendData                           0x080022f5   Thumb Code     8  stm32f10x_usart.o(.text)
    USART_ReceiveData                        0x080022fd   Thumb Code    10  stm32f10x_usart.o(.text)
    USART_SendBreak                          0x08002307   Thumb Code    10  stm32f10x_usart.o(.text)
    USART_SetGuardTime                       0x08002311   Thumb Code    16  stm32f10x_usart.o(.text)
    USART_SetPrescaler                       0x08002321   Thumb Code    16  stm32f10x_usart.o(.text)
    USART_SmartCardCmd                       0x08002331   Thumb Code    24  stm32f10x_usart.o(.text)
    USART_SmartCardNACKCmd                   0x08002349   Thumb Code    24  stm32f10x_usart.o(.text)
    USART_HalfDuplexCmd                      0x08002361   Thumb Code    24  stm32f10x_usart.o(.text)
    USART_OverSampling8Cmd                   0x08002379   Thumb Code    22  stm32f10x_usart.o(.text)
    USART_OneBitMethodCmd                    0x0800238f   Thumb Code    24  stm32f10x_usart.o(.text)
    USART_IrDAConfig                         0x080023a7   Thumb Code    18  stm32f10x_usart.o(.text)
    USART_IrDACmd                            0x080023b9   Thumb Code    24  stm32f10x_usart.o(.text)
    USART_GetFlagStatus                      0x080023d1   Thumb Code    26  stm32f10x_usart.o(.text)
    USART_ClearFlag                          0x080023eb   Thumb Code    18  stm32f10x_usart.o(.text)
    USART_GetITStatus                        0x080023fd   Thumb Code    84  stm32f10x_usart.o(.text)
    USART_ClearITPendingBit                  0x08002451   Thumb Code    52  stm32f10x_usart.o(.text)
    delay_init                               0x08002485   Thumb Code    50  delay.o(.text)
    delay_us                                 0x080024b7   Thumb Code    70  delay.o(.text)
    delay_ms                                 0x080024fd   Thumb Code    70  delay.o(.text)
    delay_N_ms                               0x08002543   Thumb Code    40  delay.o(.text)
    NVIC_Configuration                       0x08002581   Thumb Code    12  sys.o(.text)
    _sys_exit                                0x0800258d   Thumb Code     6  usart.o(.text)
    fputc                                    0x08002593   Thumb Code    22  usart.o(.text)
    uart_init                                0x080025a9   Thumb Code   152  usart.o(.text)
    USART1_IRQHandler                        0x08002641   Thumb Code   122  usart.o(.text)
    EXTIX_Init                               0x080026cd   Thumb Code    76  exti.o(.text)
    HMC5883ReadID                            0x08002719   Thumb Code    62  hmc.o(.text)
    Init_HMC5883                             0x08002757   Thumb Code    24  hmc.o(.text)
    Multiple_read_HMC5883                    0x0800276f   Thumb Code    86  hmc.o(.text)
    CombineData_Hmc                          0x080027c5   Thumb Code    44  hmc.o(.text)
    Multiple_read_HMC5883_2                  0x080027f1   Thumb Code    40  hmc.o(.text)
    Correct_yaw                              0x08002819   Thumb Code   344  hmc.o(.text)
    IIC_Start                                0x080029b5   Thumb Code    68  myiic.o(.text)
    IIC_Stop                                 0x080029f9   Thumb Code    66  myiic.o(.text)
    IIC_Wait_Ack                             0x08002a3b   Thumb Code    88  myiic.o(.text)
    IIC_Ack                                  0x08002a93   Thumb Code    72  myiic.o(.text)
    IIC_NAck                                 0x08002adb   Thumb Code    72  myiic.o(.text)
    IIC_Send_Byte                            0x08002b23   Thumb Code    96  myiic.o(.text)
    IIC_Read_Byte                            0x08002b83   Thumb Code    98  myiic.o(.text)
    IIC_Write_Buffer                         0x08002be5   Thumb Code    94  myiic.o(.text)
    IIC_Write                                0x08002c43   Thumb Code    38  myiic.o(.text)
    IIC_Read_Buffer                          0x08002c69   Thumb Code   116  myiic.o(.text)
    IIC_Read                                 0x08002cdd   Thumb Code    38  myiic.o(.text)
    IIC_Read_Single                          0x08002d03   Thumb Code    62  myiic.o(.text)
    IIC_WriteOneByte                         0x08002d41   Thumb Code    60  myiic.o(.text)
    IIC_Init                                 0x08002d7d   Thumb Code    64  myiic.o(.text)
    LED_Init                                 0x08002dbd   Thumb Code    76  led.o(.text)
    Only_Led0                                0x08002e09   Thumb Code    28  led.o(.text)
    Only_Led1                                0x08002e25   Thumb Code    32  led.o(.text)
    Only_Led2                                0x08002e45   Thumb Code    32  led.o(.text)
    Only_Led3                                0x08002e65   Thumb Code    28  led.o(.text)
    InitMPU6050                              0x08002e95   Thumb Code    82  mpu6050.o(.text)
    MPU6050ReadID                            0x08002ee7   Thumb Code    16  mpu6050.o(.text)
    CombineData                              0x08002ef7   Thumb Code    44  mpu6050.o(.text)
    Calibration                              0x08002f23   Thumb Code   206  mpu6050.o(.text)
    GetData                                  0x08002ff1   Thumb Code   250  mpu6050.o(.text)
    Data_Trans                               0x080030eb   Thumb Code   164  mpu6050.o(.text)
    Data_Pare                                0x0800318f   Thumb Code    28  mpu6050.o(.text)
    NRF24L01_Init                            0x080031dd   Thumb Code   174  24l01.o(.text)
    NRF24L01_Read_Buf                        0x0800328b   Thumb Code    56  24l01.o(.text)
    NRF24L01_Write_Buf                       0x080032c3   Thumb Code    56  24l01.o(.text)
    NRF24L01_Check                           0x080032fb   Thumb Code    72  24l01.o(.text)
    NRF24L01_Write_Reg                       0x08003343   Thumb Code    38  24l01.o(.text)
    NRF24L01_Read_Reg                        0x08003369   Thumb Code    36  24l01.o(.text)
    NRF24L01_TxPacket                        0x0800338d   Thumb Code    98  24l01.o(.text)
    NRF24L01_RxPacket                        0x080033ef   Thumb Code    42  24l01.o(.text)
    NRF24L01_RX_Mode                         0x08003419   Thumb Code    86  24l01.o(.text)
    NRF24L01_TX_Mode                         0x0800346f   Thumb Code    90  24l01.o(.text)
    TIM2_PWM_Init                            0x080034f9   Thumb Code   258  pwm.o(.text)
    MM_Set                                   0x080035fb   Thumb Code    44  pwm.o(.text)
    M1_Set                                   0x08003627   Thumb Code     6  pwm.o(.text)
    M2_Set                                   0x0800362d   Thumb Code     8  pwm.o(.text)
    M3_Set                                   0x08003635   Thumb Code     8  pwm.o(.text)
    M4_Set                                   0x0800363d   Thumb Code     8  pwm.o(.text)
    SPI1_ReadWriteByte                       0x0800364d   Thumb Code    78  spi.o(.text)
    SPI1_Init                                0x0800369b   Thumb Code   130  spi.o(.text)
    SPI1_SetSpeed                            0x0800371d   Thumb Code    36  spi.o(.text)
    TIM3_Int_Init                            0x08003749   Thumb Code    90  timer.o(.text)
    GET_NOWTIME                              0x080037a3   Thumb Code    44  timer.o(.text)
    TIM3_IRQHandler                          0x080037cf   Thumb Code    28  timer.o(.text)
    TIM4_Int_Init                            0x080037eb   Thumb Code    90  timer.o(.text)
    Limit_Power                              0x08003861   Thumb Code    84  data_transfer.o(.text)
    lock                                     0x080038b5   Thumb Code   126  data_transfer.o(.text)
    msg_check_2                              0x08003933   Thumb Code   308  data_transfer.o(.text)
    un_lock                                  0x08003a67   Thumb Code   510  data_transfer.o(.text)
    Data_Receive_Anl                         0x08003c65   Thumb Code    24  data_transfer.o(.text)
    MM_Drive                                 0x08003cc9   Thumb Code   314  motor.o(.text)
    constrain_int32                          0x08003e1d   Thumb Code    22  pid.o(.text)
    constrain_float                          0x08003e33   Thumb Code    78  pid.o(.text)
    PID_Parameter_Init                       0x08003f8b   Thumb Code   114  pid.o(.text)
    reset_I                                  0x08003ffd   Thumb Code     8  pid.o(.text)
    PID_Deal                                 0x08004005   Thumb Code   254  pid.o(.text)
    invSqrt                                  0x08004155   Thumb Code    72  suanfa.o(.text)
    IMU_AHRSupdate                           0x0800419d   Thumb Code  2010  suanfa.o(.text)
    MPUpDate                                 0x08004977   Thumb Code  1186  suanfa.o(.text)
    EularAngle_calculate                     0x08004e19   Thumb Code   466  suanfa.o(.text)
    suanfa_GetOrigin                         0x08004feb   Thumb Code   354  suanfa.o(.text)
    suanfa                                   0x0800514d   Thumb Code   116  suanfa.o(.text)
    __use_no_semihosting                     0x0800521d   Thumb Code     2  use_no_semi_2.o(.text)
    __2printf                                0x08005221   Thumb Code    20  noretval__2printf.o(.text)
    _printf_int_dec                          0x08005239   Thumb Code   102  _printf_dec.o(.text)
    __printf                                 0x080052b1   Thumb Code   352  __printf_ss_wp.o(.text)
    __use_two_region_memory                  0x08005411   Thumb Code     2  heapauxi.o(.text)
    __rt_heap_escrow$2region                 0x08005413   Thumb Code     2  heapauxi.o(.text)
    __rt_heap_expand$2region                 0x08005415   Thumb Code     2  heapauxi.o(.text)
    __I$use$semihosting                      0x08005417   Thumb Code     0  use_no_semi.o(.text)
    __use_no_semihosting_swi                 0x08005417   Thumb Code     2  use_no_semi.o(.text)
    __read_errno                             0x08005419   Thumb Code    10  _rserrno.o(.text)
    __set_errno                              0x08005423   Thumb Code    12  _rserrno.o(.text)
    _printf_int_common                       0x0800542f   Thumb Code   184  _printf_intcommon.o(.text)
    __lib_sel_fp_printf                      0x080054e7   Thumb Code     2  _printf_fp_dec.o(.text)
    _printf_fp_dec_real                      0x08005693   Thumb Code   628  _printf_fp_dec.o(.text)
    _printf_char_file                        0x08005909   Thumb Code    32  _printf_char_file.o(.text)
    __strtod_int                             0x08005969   Thumb Code    88  strtod.o(.text)
    __rt_locale                              0x080059cd   Thumb Code     8  rt_locale_intlibspace.o(.text)
    __aeabi_errno_addr                       0x080059d5   Thumb Code     8  rt_errno_addr_intlibspace.o(.text)
    __errno$intlibspace                      0x080059d5   Thumb Code     0  rt_errno_addr_intlibspace.o(.text)
    __rt_errno_addr$intlibspace              0x080059d5   Thumb Code     0  rt_errno_addr_intlibspace.o(.text)
    _ll_udiv10                               0x080059dd   Thumb Code   138  lludiv10.o(.text)
    isspace                                  0x08005a67   Thumb Code    18  isspace.o(.text)
    _printf_char_common                      0x08005a83   Thumb Code    32  _printf_char_common.o(.text)
    _printf_fp_infnan                        0x08005aa9   Thumb Code   112  _printf_fp_infnan.o(.text)
    _sgetc                                   0x08005b29   Thumb Code    30  _sgetc.o(.text)
    _sbackspace                              0x08005b47   Thumb Code    34  _sgetc.o(.text)
    _btod_etento                             0x08005b69   Thumb Code   222  bigflt0.o(.text)
    ferror                                   0x08005c4d   Thumb Code     8  ferror.o(.text)
    __user_libspace                          0x08005c55   Thumb Code     8  libspace.o(.text)
    __user_perproc_libspace                  0x08005c55   Thumb Code     0  libspace.o(.text)
    __user_perthread_libspace                0x08005c55   Thumb Code     0  libspace.o(.text)
    __user_setup_stackheap                   0x08005c5d   Thumb Code    74  sys_stackheap_outer.o(.text)
    __rt_ctype_table                         0x08005ca9   Thumb Code    16  rt_ctype_table.o(.text)
    _scanf_really_real                       0x08005eb1   Thumb Code   672  scanf_fp.o(.text)
    exit                                     0x0800615d   Thumb Code    12  exit.o(.text)
    strcmp                                   0x08006169   Thumb Code   128  strcmpv7m.o(.text)
    _scanf_really_hex_real                   0x080061e9   Thumb Code   776  scanf_hexfp.o(.text)
    _scanf_really_infnan                     0x080064fd   Thumb Code   298  scanf_infnan.o(.text)
    __aeabi_llsl                             0x08006639   Thumb Code     0  llshl.o(.text)
    _ll_shift_l                              0x08006639   Thumb Code    38  llshl.o(.text)
    _chval                                   0x0800665f   Thumb Code    28  _chval.o(.text)
    _btod_d2e                                0x0800667b   Thumb Code    62  btod.o(CL$$btod_d2e)
    _d2e_denorm_low                          0x080066b9   Thumb Code    70  btod.o(CL$$btod_d2e_denorm_low)
    _d2e_norm_op1                            0x080066ff   Thumb Code    96  btod.o(CL$$btod_d2e_norm_op1)
    __btod_div_common                        0x0800675f   Thumb Code   696  btod.o(CL$$btod_div_common)
    _e2d                                     0x08006a99   Thumb Code    80  btod.o(CL$$btod_e2d)
    _e2e                                     0x08006aed   Thumb Code   198  btod.o(CL$$btod_e2e)
    _btod_ediv                               0x08006bb3   Thumb Code    40  btod.o(CL$$btod_ediv)
    _btod_edivd                              0x08006bdb   Thumb Code    40  btod.o(CL$$btod_edivd)
    _btod_emul                               0x08006c03   Thumb Code    40  btod.o(CL$$btod_emul)
    _btod_emuld                              0x08006c2b   Thumb Code    40  btod.o(CL$$btod_emuld)
    __btod_mult_common                       0x08006c53   Thumb Code   580  btod.o(CL$$btod_mult_common)
    __ARM_fpclassify                         0x08006e97   Thumb Code    40  fpclassify.o(i.__ARM_fpclassify)
    __ieee754_rem_pio2                       0x08006ec1   Thumb Code   832  rred.o(i.__ieee754_rem_pio2)
    __kernel_cos                             0x08007249   Thumb Code   230  cos_i.o(i.__kernel_cos)
    __kernel_poly                            0x08007345   Thumb Code   170  poly.o(i.__kernel_poly)
    __kernel_sin                             0x080073f1   Thumb Code   224  sin_i.o(i.__kernel_sin)
    __mathlib_dbl_underflow                  0x080074dd   Thumb Code    10  dunder.o(i.__mathlib_dbl_underflow)
    __mathlib_narrow                         0x080074ed   Thumb Code    16  narrow.o(i.__mathlib_narrow)
    __mathlib_tofloat                        0x080074fd   Thumb Code   132  narrow.o(i.__mathlib_tofloat)
    __support_ldexp                          0x08007585   Thumb Code    22  ldexp.o(i.__support_ldexp)
    _is_digit                                0x0800759b   Thumb Code    14  __printf_wp.o(i._is_digit)
    asin                                     0x080075a9   Thumb Code   584  asin.o(i.asin)
    atan                                     0x08007825   Thumb Code   478  atan.o(i.atan)
    atan2                                    0x08007a49   Thumb Code   346  atan2.o(i.atan2)
    atof                                     0x08007bc9   Thumb Code    42  atof.o(i.atof)
    cos                                      0x08007bf5   Thumb Code   164  cos.o(i.cos)
    frexp                                    0x08007ca1   Thumb Code    80  frexp.o(i.frexp)
    ldexp                                    0x08007cf9   Thumb Code   126  ldexp.o(i.ldexp)
    sin                                      0x08007d79   Thumb Code   166  sin.o(i.sin)
    sqrt                                     0x08007e29   Thumb Code    78  sqrt.o(i.sqrt)
    sqrtf                                    0x08007e77   Thumb Code    44  sqrtf.o(i.sqrtf)
    _get_lc_numeric                          0x08007ea5   Thumb Code    44  lc_numeric_c.o(locale$$code)
    _get_lc_ctype                            0x08007ed1   Thumb Code    44  lc_ctype_c.o(locale$$code)
    __aeabi_d2f                              0x08007efd   Thumb Code     0  d2f.o(x$fpl$d2f)
    _d2f                                     0x08007efd   Thumb Code    98  d2f.o(x$fpl$d2f)
    __aeabi_dadd                             0x08007f61   Thumb Code     0  daddsub_clz.o(x$fpl$dadd)
    _dadd                                    0x08007f61   Thumb Code   332  daddsub_clz.o(x$fpl$dadd)
    __fpl_dcheck_NaN1                        0x080080b1   Thumb Code    10  dcheck1.o(x$fpl$dcheck1)
    __fpl_dcmp_Inf                           0x080080c1   Thumb Code    24  dcmpi.o(x$fpl$dcmpinf)
    __aeabi_ddiv                             0x080080d9   Thumb Code     0  ddiv.o(x$fpl$ddiv)
    _ddiv                                    0x080080d9   Thumb Code   552  ddiv.o(x$fpl$ddiv)
    __aeabi_cdcmpeq                          0x08008389   Thumb Code     0  deqf.o(x$fpl$deqf)
    _dcmpeq                                  0x08008389   Thumb Code   120  deqf.o(x$fpl$deqf)
    __aeabi_d2iz                             0x08008401   Thumb Code     0  dfix.o(x$fpl$dfix)
    _dfix                                    0x08008401   Thumb Code    94  dfix.o(x$fpl$dfix)
    __aeabi_i2d                              0x0800845f   Thumb Code     0  dflt_clz.o(x$fpl$dflt)
    _dflt                                    0x0800845f   Thumb Code    46  dflt_clz.o(x$fpl$dflt)
    __aeabi_ui2d                             0x0800848d   Thumb Code     0  dflt_clz.o(x$fpl$dfltu)
    _dfltu                                   0x0800848d   Thumb Code    38  dflt_clz.o(x$fpl$dfltu)
    __aeabi_cdcmple                          0x080084b5   Thumb Code     0  dleqf.o(x$fpl$dleqf)
    _dcmple                                  0x080084b5   Thumb Code   120  dleqf.o(x$fpl$dleqf)
    __fpl_dcmple_InfNaN                      0x08008517   Thumb Code     0  dleqf.o(x$fpl$dleqf)
    __aeabi_dmul                             0x0800852d   Thumb Code     0  dmul.o(x$fpl$dmul)
    _dmul                                    0x0800852d   Thumb Code   332  dmul.o(x$fpl$dmul)
    __fpl_dnaninf                            0x08008681   Thumb Code   156  dnaninf.o(x$fpl$dnaninf)
    __fpl_dretinf                            0x0800871d   Thumb Code    12  dretinf.o(x$fpl$dretinf)
    __aeabi_cdrcmple                         0x08008729   Thumb Code     0  drleqf.o(x$fpl$drleqf)
    _drcmple                                 0x08008729   Thumb Code   108  drleqf.o(x$fpl$drleqf)
    __aeabi_drsub                            0x08008795   Thumb Code     0  daddsub_clz.o(x$fpl$drsb)
    _drsb                                    0x08008795   Thumb Code    22  daddsub_clz.o(x$fpl$drsb)
    _dsqrt                                   0x080087ad   Thumb Code   456  dsqrt_noumaal.o(x$fpl$dsqrt)
    __aeabi_dsub                             0x08008979   Thumb Code     0  daddsub_clz.o(x$fpl$dsub)
    _dsub                                    0x08008979   Thumb Code   464  daddsub_clz.o(x$fpl$dsub)
    __aeabi_f2d                              0x08008b4d   Thumb Code     0  f2d.o(x$fpl$f2d)
    _f2d                                     0x08008b4d   Thumb Code    86  f2d.o(x$fpl$f2d)
    __aeabi_fadd                             0x08008ba5   Thumb Code     0  faddsub_clz.o(x$fpl$fadd)
    _fadd                                    0x08008ba5   Thumb Code   196  faddsub_clz.o(x$fpl$fadd)
    __fpl_fcmp_Inf                           0x08008c69   Thumb Code    24  fcmpi.o(x$fpl$fcmpinf)
    __aeabi_cfcmpeq                          0x08008c81   Thumb Code     0  feqf.o(x$fpl$feqf)
    _fcmpeq                                  0x08008c81   Thumb Code   104  feqf.o(x$fpl$feqf)
    __aeabi_f2iz                             0x08008ce9   Thumb Code     0  ffix.o(x$fpl$ffix)
    _ffix                                    0x08008ce9   Thumb Code    54  ffix.o(x$fpl$ffix)
    __aeabi_f2uiz                            0x08008d21   Thumb Code     0  ffixu.o(x$fpl$ffixu)
    _ffixu                                   0x08008d21   Thumb Code    62  ffixu.o(x$fpl$ffixu)
    __aeabi_i2f                              0x08008d61   Thumb Code     0  fflt_clz.o(x$fpl$fflt)
    _fflt                                    0x08008d61   Thumb Code    48  fflt_clz.o(x$fpl$fflt)
    __aeabi_ui2f                             0x08008d91   Thumb Code     0  fflt_clz.o(x$fpl$ffltu)
    _ffltu                                   0x08008d91   Thumb Code    38  fflt_clz.o(x$fpl$ffltu)
    __aeabi_cfcmple                          0x08008db9   Thumb Code     0  fleqf.o(x$fpl$fleqf)
    _fcmple                                  0x08008db9   Thumb Code   104  fleqf.o(x$fpl$fleqf)
    __fpl_fcmple_InfNaN                      0x08008e0b   Thumb Code     0  fleqf.o(x$fpl$fleqf)
    __aeabi_fmul                             0x08008e21   Thumb Code     0  fmul.o(x$fpl$fmul)
    _fmul                                    0x08008e21   Thumb Code   258  fmul.o(x$fpl$fmul)
    __fpl_fnaninf                            0x08008f23   Thumb Code   140  fnaninf.o(x$fpl$fnaninf)
    __fpl_fretinf                            0x08008faf   Thumb Code    10  fretinf.o(x$fpl$fretinf)
    __aeabi_cfrcmple                         0x08008fb9   Thumb Code     0  frleqf.o(x$fpl$frleqf)
    _frcmple                                 0x08008fb9   Thumb Code    98  frleqf.o(x$fpl$frleqf)
    __aeabi_frsub                            0x0800901b   Thumb Code     0  faddsub_clz.o(x$fpl$frsb)
    _frsb                                    0x0800901b   Thumb Code    20  faddsub_clz.o(x$fpl$frsb)
    _fsqrt                                   0x08009031   Thumb Code   272  fsqrt.o(x$fpl$fsqrt)
    __aeabi_fsub                             0x08009141   Thumb Code     0  faddsub_clz.o(x$fpl$fsub)
    _fsub                                    0x08009141   Thumb Code   234  faddsub_clz.o(x$fpl$fsub)
    _printf_fp_dec                           0x0800922b   Thumb Code     4  printf1.o(x$fpl$printf1)
    __fpl_return_NaN                         0x0800922f   Thumb Code   100  retnan.o(x$fpl$retnan)
    __ARM_scalbn                             0x08009293   Thumb Code    92  scalbn.o(x$fpl$scalbn)
    _scanf_real                              0x080092ef   Thumb Code     4  scanf1.o(x$fpl$scanf1)
    _scanf_hex_real                          0x080092f3   Thumb Code     4  scanf2.o(x$fpl$scanf2)
    _scanf_infnan                            0x080092f7   Thumb Code     4  scanf2.o(x$fpl$scanf2)
    __fpl_cmpreturn                          0x080092fb   Thumb Code    48  trapv.o(x$fpl$trapveneer)
    TX_ADDRESS                               0x0800932a   Data           5  24l01.o(.constdata)
    __I$use$fp                               0x0800932a   Number         0  usenofp.o(x$fpl$usenofp)
    RX_ADDRESS                               0x0800932f   Data           5  24l01.o(.constdata)
    __mathlib_zero                           0x08009450   Data           8  qnan.o(.constdata)
    Region$$Table$$Base                      0x080095dc   Number         0  anon$$obj.o(Region$$Table)
    Region$$Table$$Limit                     0x080095fc   Number         0  anon$$obj.o(Region$$Table)
    __aeabi_HUGE_VAL                         0x080095fc   Data           0  fpconst.o(c$$dinf)
    __aeabi_HUGE_VALL                        0x080095fc   Data           0  fpconst.o(c$$dinf)
    __aeabi_INFINITY                         0x080095fc   Data           0  fpconst.o(c$$dinf)
    __dInf                                   0x080095fc   Data           0  fpconst.o(c$$dinf)
    __huge_val                               0x080095fc   Data           0  fpconst.o(c$$dinf)
    __ctype                                  0x0800962d   Data           0  lc_ctype_c.o(locale$$data)
    SystemCoreClock                          0x20000000   Data           4  system_stm32f10x.o(.data)
    AHBPrescTable                            0x20000004   Data          16  system_stm32f10x.o(.data)
    USART_RX_STA                             0x20000030   Data           2  usart.o(.data)
    __stdout                                 0x20000034   Data           4  usart.o(.data)
    Hmc_X                                    0x20000038   Data           2  hmc.o(.data)
    Hmc_Y                                    0x2000003a   Data           2  hmc.o(.data)
    Hmc_Z                                    0x2000003c   Data           2  hmc.o(.data)
    angle                                    0x20000040   Data           8  hmc.o(.data)
    Acceleration                             0x2000004a   Data           6  mpu6050.o(.data)
    AX                                       0x20000050   Data           2  mpu6050.o(.data)
    AY                                       0x20000052   Data           2  mpu6050.o(.data)
    AZ                                       0x20000054   Data           2  mpu6050.o(.data)
    Temperature                              0x20000056   Data           2  mpu6050.o(.data)
    NRF_flag                                 0x2000005c   Data           1  data_transfer.o(.data)
    LOCK                                     0x2000005d   Data           1  data_transfer.o(.data)
    UN_LOCK                                  0x2000005e   Data           1  data_transfer.o(.data)
    first_unlock                             0x2000005f   Data           1  data_transfer.o(.data)
    Target_x                                 0x20000064   Data           4  data_transfer.o(.data)
    Target_y                                 0x20000068   Data           4  data_transfer.o(.data)
    Target_yaw                               0x2000006c   Data           4  data_transfer.o(.data)
    Power                                    0x20000070   Data           4  motor.o(.data)
    M_deal1                                  0x20000074   Data           4  motor.o(.data)
    M_deal2                                  0x20000078   Data           4  motor.o(.data)
    M_deal3                                  0x2000007c   Data           4  motor.o(.data)
    M_deal4                                  0x20000080   Data           4  motor.o(.data)
    FLY                                      0x20000084   Data           1  pid.o(.data)
    integrator                               0x20000088   Data           4  pid.o(.data)
    ROLL                                     0x2000008c   Data           4  pid.o(.data)
    PITCH                                    0x20000090   Data           4  pid.o(.data)
    YAW                                      0x20000094   Data           4  pid.o(.data)
    q0                                       0x20000098   Data           4  suanfa.o(.data)
    q1                                       0x2000009c   Data           4  suanfa.o(.data)
    q2                                       0x200000a0   Data           4  suanfa.o(.data)
    q3                                       0x200000a4   Data           4  suanfa.o(.data)
    exInt                                    0x200000a8   Data           4  suanfa.o(.data)
    eyInt                                    0x200000ac   Data           4  suanfa.o(.data)
    ezInt                                    0x200000b0   Data           4  suanfa.o(.data)
    acc_vector                               0x200000b4   Data           4  suanfa.o(.data)
    halfT                                    0x200000d8   Data           4  suanfa.o(.data)
    integralFBx                              0x200000dc   Data           4  suanfa.o(.data)
    integralFBy                              0x200000e0   Data           4  suanfa.o(.data)
    integralFBz                              0x200000e4   Data           4  suanfa.o(.data)
    qa0                                      0x200000e8   Data           4  suanfa.o(.data)
    qa1                                      0x200000ec   Data           4  suanfa.o(.data)
    qa2                                      0x200000f0   Data           4  suanfa.o(.data)
    qa3                                      0x200000f4   Data           4  suanfa.o(.data)
    integralFBhand                           0x200000f8   Data           4  suanfa.o(.data)
    handdiff                                 0x200000fc   Data           4  suanfa.o(.data)
    halftime                                 0x20000100   Data           4  suanfa.o(.data)
    now                                      0x20000104   Data           4  suanfa.o(.data)
    k                                        0x20000108   Data           4  suanfa.o(.data)
    i                                        0x2000010c   Data           4  suanfa.o(.data)
    USART_RX_BUF                             0x20000110   Data         200  usart.o(.bss)
    Acc_correct                              0x200001d8   Data          24  mpu6050.o(.bss)
    Gyro_correct                             0x200001f0   Data          24  mpu6050.o(.bss)
    EA                                       0x20000208   Data          24  mpu6050.o(.bss)
    acc                                      0x20000220   Data          12  mpu6050.o(.bss)
    gyro                                     0x2000022c   Data          12  mpu6050.o(.bss)
    EA_Origin                                0x20000238   Data          24  mpu6050.o(.bss)
    tmp_buf                                  0x20000250   Data          30  data_transfer.o(.bss)
    Rc_D                                     0x2000026e   Data          20  data_transfer.o(.bss)
    EA_command                               0x20000288   Data          24  pid.o(.bss)
    Pitch_out                                0x200002a0   Data          72  pid.o(.bss)
    Roll_out                                 0x200002e8   Data          72  pid.o(.bss)
    Pitch_inner                              0x20000330   Data          72  pid.o(.bss)
    Roll_inner                               0x20000378   Data          72  pid.o(.bss)
    __libspace_start                         0x200003c0   Data          96  libspace.o(.bss)
    __temporary_stack_top$libspace           0x20000420   Data           0  libspace.o(.bss)



==============================================================================

Memory Map of the image

  Image Entry point : 0x08000131

  Load Region LR_IROM1 (Base: 0x08000000, Size: 0x00009840, Max: 0x00080000, ABSOLUTE)

    Execution Region ER_IROM1 (Base: 0x08000000, Size: 0x00009730, Max: 0x00080000, ABSOLUTE)

    Base Addr    Size         Type   Attr      Idx    E Section Name        Object

    0x08000000   0x00000130   Data   RO          205    RESET               startup_stm32f10x_hd.o
    0x08000130   0x00000008   Code   RO          832  * !!!main             c_w.l(__main.o)
    0x08000138   0x00000034   Code   RO         1273    !!!scatter          c_w.l(__scatter.o)
    0x0800016c   0x0000001a   Code   RO         1275    !!handler_copy      c_w.l(__scatter_copy.o)
    0x08000186   0x00000002   PAD
    0x08000188   0x0000001c   Code   RO         1277    !!handler_zi        c_w.l(__scatter_zi.o)
    0x080001a4   0x00000000   Code   RO          829    .ARM.Collect$$_printf_percent$$00000000  c_w.l(_printf_percent.o)
    0x080001a4   0x00000006   Code   RO          828    .ARM.Collect$$_printf_percent$$00000003  c_w.l(_printf_f.o)
    0x080001aa   0x00000006   Code   RO          827    .ARM.Collect$$_printf_percent$$00000009  c_w.l(_printf_d.o)
    0x080001b0   0x00000004   Code   RO          951    .ARM.Collect$$_printf_percent$$00000017  c_w.l(_printf_percent_end.o)
    0x080001b4   0x00000002   Code   RO         1105    .ARM.Collect$$libinit$$00000000  c_w.l(libinit.o)
    0x080001b6   0x00000000   Code   RO         1107    .ARM.Collect$$libinit$$00000002  c_w.l(libinit2.o)
    0x080001b6   0x00000000   Code   RO         1110    .ARM.Collect$$libinit$$00000008  c_w.l(libinit2.o)
    0x080001b6   0x00000000   Code   RO         1112    .ARM.Collect$$libinit$$0000000A  c_w.l(libinit2.o)
    0x080001b6   0x00000000   Code   RO         1114    .ARM.Collect$$libinit$$0000000C  c_w.l(libinit2.o)
    0x080001b6   0x00000006   Code   RO         1115    .ARM.Collect$$libinit$$0000000D  c_w.l(libinit2.o)
    0x080001bc   0x00000000   Code   RO         1117    .ARM.Collect$$libinit$$0000000F  c_w.l(libinit2.o)
    0x080001bc   0x0000000c   Code   RO         1118    .ARM.Collect$$libinit$$00000010  c_w.l(libinit2.o)
    0x080001c8   0x00000000   Code   RO         1119    .ARM.Collect$$libinit$$00000011  c_w.l(libinit2.o)
    0x080001c8   0x00000000   Code   RO         1121    .ARM.Collect$$libinit$$00000013  c_w.l(libinit2.o)
    0x080001c8   0x0000000a   Code   RO         1122    .ARM.Collect$$libinit$$00000014  c_w.l(libinit2.o)
    0x080001d2   0x00000000   Code   RO         1123    .ARM.Collect$$libinit$$00000015  c_w.l(libinit2.o)
    0x080001d2   0x00000000   Code   RO         1125    .ARM.Collect$$libinit$$00000017  c_w.l(libinit2.o)
    0x080001d2   0x00000000   Code   RO         1127    .ARM.Collect$$libinit$$00000019  c_w.l(libinit2.o)
    0x080001d2   0x00000000   Code   RO         1129    .ARM.Collect$$libinit$$0000001B  c_w.l(libinit2.o)
    0x080001d2   0x00000000   Code   RO         1131    .ARM.Collect$$libinit$$0000001D  c_w.l(libinit2.o)
    0x080001d2   0x00000000   Code   RO         1133    .ARM.Collect$$libinit$$0000001F  c_w.l(libinit2.o)
    0x080001d2   0x00000000   Code   RO         1135    .ARM.Collect$$libinit$$00000021  c_w.l(libinit2.o)
    0x080001d2   0x00000000   Code   RO         1137    .ARM.Collect$$libinit$$00000023  c_w.l(libinit2.o)
    0x080001d2   0x00000000   Code   RO         1141    .ARM.Collect$$libinit$$0000002A  c_w.l(libinit2.o)
    0x080001d2   0x00000000   Code   RO         1143    .ARM.Collect$$libinit$$0000002C  c_w.l(libinit2.o)
    0x080001d2   0x00000000   Code   RO         1145    .ARM.Collect$$libinit$$0000002E  c_w.l(libinit2.o)
    0x080001d2   0x00000000   Code   RO         1147    .ARM.Collect$$libinit$$00000030  c_w.l(libinit2.o)
    0x080001d2   0x00000002   Code   RO         1148    .ARM.Collect$$libinit$$00000031  c_w.l(libinit2.o)
    0x080001d4   0x00000002   Code   RO         1212    .ARM.Collect$$libshutdown$$00000000  c_w.l(libshutdown.o)
    0x080001d6   0x00000000   Code   RO         1234    .ARM.Collect$$libshutdown$$00000003  c_w.l(libshutdown2.o)
    0x080001d6   0x00000000   Code   RO         1237    .ARM.Collect$$libshutdown$$00000006  c_w.l(libshutdown2.o)
    0x080001d6   0x00000000   Code   RO         1240    .ARM.Collect$$libshutdown$$00000009  c_w.l(libshutdown2.o)
    0x080001d6   0x00000000   Code   RO         1242    .ARM.Collect$$libshutdown$$0000000B  c_w.l(libshutdown2.o)
    0x080001d6   0x00000000   Code   RO         1245    .ARM.Collect$$libshutdown$$0000000E  c_w.l(libshutdown2.o)
    0x080001d6   0x00000002   Code   RO         1246    .ARM.Collect$$libshutdown$$0000000F  c_w.l(libshutdown2.o)
    0x080001d8   0x00000000   Code   RO          942    .ARM.Collect$$rtentry$$00000000  c_w.l(rtentry.o)
    0x080001d8   0x00000000   Code   RO         1011    .ARM.Collect$$rtentry$$00000002  c_w.l(rtentry2.o)
    0x080001d8   0x00000006   Code   RO         1023    .ARM.Collect$$rtentry$$00000004  c_w.l(rtentry4.o)
    0x080001de   0x00000000   Code   RO         1013    .ARM.Collect$$rtentry$$00000009  c_w.l(rtentry2.o)
    0x080001de   0x00000004   Code   RO         1014    .ARM.Collect$$rtentry$$0000000A  c_w.l(rtentry2.o)
    0x080001e2   0x00000000   Code   RO         1016    .ARM.Collect$$rtentry$$0000000C  c_w.l(rtentry2.o)
    0x080001e2   0x00000008   Code   RO         1017    .ARM.Collect$$rtentry$$0000000D  c_w.l(rtentry2.o)
    0x080001ea   0x00000002   Code   RO         1151    .ARM.Collect$$rtexit$$00000000  c_w.l(rtexit.o)
    0x080001ec   0x00000000   Code   RO         1178    .ARM.Collect$$rtexit$$00000002  c_w.l(rtexit2.o)
    0x080001ec   0x00000004   Code   RO         1179    .ARM.Collect$$rtexit$$00000003  c_w.l(rtexit2.o)
    0x080001f0   0x00000006   Code   RO         1180    .ARM.Collect$$rtexit$$00000004  c_w.l(rtexit2.o)
    0x080001f6   0x00000002   PAD
    0x080001f8   0x00000230   Code   RO            1    .text               main.o
    0x08000428   0x0000001a   Code   RO          133    .text               stm32f10x_it.o
    0x08000442   0x00000002   PAD
    0x08000444   0x000001dc   Code   RO          174    .text               system_stm32f10x.o
    0x08000620   0x00000040   Code   RO          206    .text               startup_stm32f10x_hd.o
    0x08000660   0x000000dc   Code   RO          210    .text               misc.o
    0x0800073c   0x0000011c   Code   RO          333    .text               stm32f10x_exti.o
    0x08000858   0x00000358   Code   RO          375    .text               stm32f10x_gpio.o
    0x08000bb0   0x000003a4   Code   RO          429    .text               stm32f10x_rcc.o
    0x08000f54   0x0000030c   Code   RO          473    .text               stm32f10x_spi.o
    0x08001260   0x00000e1a   Code   RO          485    .text               stm32f10x_tim.o
    0x0800207a   0x00000002   PAD
    0x0800207c   0x00000408   Code   RO          497    .text               stm32f10x_usart.o
    0x08002484   0x000000fc   Code   RO          524    .text               delay.o
    0x08002580   0x0000000c   Code   RO          538    .text               sys.o
    0x0800258c   0x00000140   Code   RO          550    .text               usart.o
    0x080026cc   0x0000004c   Code   RO          573    .text               exti.o
    0x08002718   0x0000029c   Code   RO          585    .text               hmc.o
    0x080029b4   0x00000408   Code   RO          604    .text               myiic.o
    0x08002dbc   0x000000d8   Code   RO          629    .text               led.o
    0x08002e94   0x00000348   Code   RO          641    .text               mpu6050.o
    0x080031dc   0x0000031c   Code   RO          660    .text               24l01.o
    0x080034f8   0x00000154   Code   RO          678    .text               pwm.o
    0x0800364c   0x000000fc   Code   RO          690    .text               spi.o
    0x08003748   0x00000118   Code   RO          702    .text               timer.o
    0x08003860   0x00000468   Code   RO          715    .text               data_transfer.o
    0x08003cc8   0x00000154   Code   RO          735    .text               motor.o
    0x08003e1c   0x00000338   Code   RO          750    .text               pid.o
    0x08004154   0x000010c8   Code   RO          778    .text               suanfa.o
    0x0800521c   0x00000002   Code   RO          797    .text               c_w.l(use_no_semi_2.o)
    0x0800521e   0x00000002   PAD
    0x08005220   0x00000018   Code   RO          801    .text               c_w.l(noretval__2printf.o)
    0x08005238   0x00000078   Code   RO          805    .text               c_w.l(_printf_dec.o)
    0x080052b0   0x00000160   Code   RO          822    .text               c_w.l(__printf_ss_wp.o)
    0x08005410   0x00000006   Code   RO          830    .text               c_w.l(heapauxi.o)
    0x08005416   0x00000002   Code   RO          940    .text               c_w.l(use_no_semi.o)
    0x08005418   0x00000016   Code   RO          943    .text               c_w.l(_rserrno.o)
    0x0800542e   0x000000b8   Code   RO          945    .text               c_w.l(_printf_intcommon.o)
    0x080054e6   0x00000420   Code   RO          947    .text               c_w.l(_printf_fp_dec.o)
    0x08005906   0x00000002   PAD
    0x08005908   0x00000024   Code   RO          949    .text               c_w.l(_printf_char_file.o)
    0x0800592c   0x000000a0   Code   RO          952    .text               c_w.l(strtod.o)
    0x080059cc   0x00000008   Code   RO         1028    .text               c_w.l(rt_locale_intlibspace.o)
    0x080059d4   0x00000008   Code   RO         1033    .text               c_w.l(rt_errno_addr_intlibspace.o)
    0x080059dc   0x0000008a   Code   RO         1035    .text               c_w.l(lludiv10.o)
    0x08005a66   0x00000012   Code   RO         1037    .text               c_w.l(isspace.o)
    0x08005a78   0x00000030   Code   RO         1039    .text               c_w.l(_printf_char_common.o)
    0x08005aa8   0x00000080   Code   RO         1041    .text               c_w.l(_printf_fp_infnan.o)
    0x08005b28   0x00000040   Code   RO         1043    .text               c_w.l(_sgetc.o)
    0x08005b68   0x000000e4   Code   RO         1045    .text               c_w.l(bigflt0.o)
    0x08005c4c   0x00000008   Code   RO         1070    .text               c_w.l(ferror.o)
    0x08005c54   0x00000008   Code   RO         1085    .text               c_w.l(libspace.o)
    0x08005c5c   0x0000004a   Code   RO         1088    .text               c_w.l(sys_stackheap_outer.o)
    0x08005ca6   0x00000002   PAD
    0x08005ca8   0x00000010   Code   RO         1090    .text               c_w.l(rt_ctype_table.o)
    0x08005cb8   0x000004a4   Code   RO         1094    .text               c_w.l(scanf_fp.o)
    0x0800615c   0x0000000c   Code   RO         1096    .text               c_w.l(exit.o)
    0x08006168   0x00000080   Code   RO         1098    .text               c_w.l(strcmpv7m.o)
    0x080061e8   0x00000314   Code   RO         1184    .text               c_w.l(scanf_hexfp.o)
    0x080064fc   0x0000013c   Code   RO         1186    .text               c_w.l(scanf_infnan.o)
    0x08006638   0x00000026   Code   RO         1202    .text               c_w.l(llshl.o)
    0x0800665e   0x0000001c   Code   RO         1204    .text               c_w.l(_chval.o)
    0x0800667a   0x0000003e   Code   RO         1048    CL$$btod_d2e        c_w.l(btod.o)
    0x080066b8   0x00000046   Code   RO         1050    CL$$btod_d2e_denorm_low  c_w.l(btod.o)
    0x080066fe   0x00000060   Code   RO         1049    CL$$btod_d2e_norm_op1  c_w.l(btod.o)
    0x0800675e   0x00000338   Code   RO         1058    CL$$btod_div_common  c_w.l(btod.o)
    0x08006a96   0x00000002   PAD
    0x08006a98   0x00000054   Code   RO         1056    CL$$btod_e2d        c_w.l(btod.o)
    0x08006aec   0x000000c6   Code   RO         1055    CL$$btod_e2e        c_w.l(btod.o)
    0x08006bb2   0x00000028   Code   RO         1052    CL$$btod_ediv       c_w.l(btod.o)
    0x08006bda   0x00000028   Code   RO         1054    CL$$btod_edivd      c_w.l(btod.o)
    0x08006c02   0x00000028   Code   RO         1051    CL$$btod_emul       c_w.l(btod.o)
    0x08006c2a   0x00000028   Code   RO         1053    CL$$btod_emuld      c_w.l(btod.o)
    0x08006c52   0x00000244   Code   RO         1057    CL$$btod_mult_common  c_w.l(btod.o)
    0x08006e96   0x00000028   Code   RO          986    i.__ARM_fpclassify  m_ws.l(fpclassify.o)
    0x08006ebe   0x00000002   PAD
    0x08006ec0   0x00000388   Code   RO          991    i.__ieee754_rem_pio2  m_ws.l(rred.o)
    0x08007248   0x000000fc   Code   RO          981    i.__kernel_cos      m_ws.l(cos_i.o)
    0x08007344   0x000000aa   Code   RO          988    i.__kernel_poly     m_ws.l(poly.o)
    0x080073ee   0x00000002   PAD
    0x080073f0   0x000000ec   Code   RO          996    i.__kernel_sin      m_ws.l(sin_i.o)
    0x080074dc   0x00000010   Code   RO          984    i.__mathlib_dbl_underflow  m_ws.l(dunder.o)
    0x080074ec   0x00000010   Code   RO         1171    i.__mathlib_narrow  m_ws.l(narrow.o)
    0x080074fc   0x00000088   Code   RO         1172    i.__mathlib_tofloat  m_ws.l(narrow.o)
    0x08007584   0x00000016   Code   RO         1214    i.__support_ldexp   m_ws.l(ldexp.o)
    0x0800759a   0x0000000e   Code   RO          817    i._is_digit         c_w.l(__printf_wp.o)
    0x080075a8   0x0000027c   Code   RO          895    i.asin              m_ws.l(asin.o)
    0x08007824   0x00000224   Code   RO          972    i.atan              m_ws.l(atan.o)
    0x08007a48   0x00000180   Code   RO          905    i.atan2             m_ws.l(atan2.o)
    0x08007bc8   0x0000002a   Code   RO          913    i.atof              m_ws.l(atof.o)
    0x08007bf2   0x00000002   PAD
    0x08007bf4   0x000000ac   Code   RO          917    i.cos               m_ws.l(cos.o)
    0x08007ca0   0x00000058   Code   RO         1195    i.frexp             m_ws.l(frexp.o)
    0x08007cf8   0x0000007e   Code   RO         1215    i.ldexp             m_ws.l(ldexp.o)
    0x08007d76   0x00000002   PAD
    0x08007d78   0x000000b0   Code   RO          925    i.sin               m_ws.l(sin.o)
    0x08007e28   0x0000004e   Code   RO         1003    i.sqrt              m_ws.l(sqrt.o)
    0x08007e76   0x0000002c   Code   RO          933    i.sqrtf             m_ws.l(sqrtf.o)
    0x08007ea2   0x00000002   PAD
    0x08007ea4   0x0000002c   Code   RO         1075    locale$$code        c_w.l(lc_numeric_c.o)
    0x08007ed0   0x0000002c   Code   RO         1154    locale$$code        c_w.l(lc_ctype_c.o)
    0x08007efc   0x00000062   Code   RO          834    x$fpl$d2f           fz_ws.l(d2f.o)
    0x08007f5e   0x00000002   PAD
    0x08007f60   0x00000150   Code   RO          836    x$fpl$dadd          fz_ws.l(daddsub_clz.o)
    0x080080b0   0x00000010   Code   RO         1077    x$fpl$dcheck1       fz_ws.l(dcheck1.o)
    0x080080c0   0x00000018   Code   RO          954    x$fpl$dcmpinf       fz_ws.l(dcmpi.o)
    0x080080d8   0x000002b0   Code   RO          843    x$fpl$ddiv          fz_ws.l(ddiv.o)
    0x08008388   0x00000078   Code   RO         1192    x$fpl$deqf          fz_ws.l(deqf.o)
    0x08008400   0x0000005e   Code   RO          846    x$fpl$dfix          fz_ws.l(dfix.o)
    0x0800845e   0x0000002e   Code   RO          851    x$fpl$dflt          fz_ws.l(dflt_clz.o)
    0x0800848c   0x00000026   Code   RO          850    x$fpl$dfltu         fz_ws.l(dflt_clz.o)
    0x080084b2   0x00000002   PAD
    0x080084b4   0x00000078   Code   RO          856    x$fpl$dleqf         fz_ws.l(dleqf.o)
    0x0800852c   0x00000154   Code   RO          858    x$fpl$dmul          fz_ws.l(dmul.o)
    0x08008680   0x0000009c   Code   RO          956    x$fpl$dnaninf       fz_ws.l(dnaninf.o)
    0x0800871c   0x0000000c   Code   RO          958    x$fpl$dretinf       fz_ws.l(dretinf.o)
    0x08008728   0x0000006c   Code   RO          860    x$fpl$drleqf        fz_ws.l(drleqf.o)
    0x08008794   0x00000016   Code   RO          837    x$fpl$drsb          fz_ws.l(daddsub_clz.o)
    0x080087aa   0x00000002   PAD
    0x080087ac   0x000001cc   Code   RO         1079    x$fpl$dsqrt         fz_ws.l(dsqrt_noumaal.o)
    0x08008978   0x000001d4   Code   RO          838    x$fpl$dsub          fz_ws.l(daddsub_clz.o)
    0x08008b4c   0x00000056   Code   RO          862    x$fpl$f2d           fz_ws.l(f2d.o)
    0x08008ba2   0x00000002   PAD
    0x08008ba4   0x000000c4   Code   RO          864    x$fpl$fadd          fz_ws.l(faddsub_clz.o)
    0x08008c68   0x00000018   Code   RO          960    x$fpl$fcmpinf       fz_ws.l(fcmpi.o)
    0x08008c80   0x00000068   Code   RO          870    x$fpl$feqf          fz_ws.l(feqf.o)
    0x08008ce8   0x00000036   Code   RO          872    x$fpl$ffix          fz_ws.l(ffix.o)
    0x08008d1e   0x00000002   PAD
    0x08008d20   0x0000003e   Code   RO          876    x$fpl$ffixu         fz_ws.l(ffixu.o)
    0x08008d5e   0x00000002   PAD
    0x08008d60   0x00000030   Code   RO          881    x$fpl$fflt          fz_ws.l(fflt_clz.o)
    0x08008d90   0x00000026   Code   RO          880    x$fpl$ffltu         fz_ws.l(fflt_clz.o)
    0x08008db6   0x00000002   PAD
    0x08008db8   0x00000068   Code   RO          886    x$fpl$fleqf         fz_ws.l(fleqf.o)
    0x08008e20   0x00000102   Code   RO          888    x$fpl$fmul          fz_ws.l(fmul.o)
    0x08008f22   0x0000008c   Code   RO          962    x$fpl$fnaninf       fz_ws.l(fnaninf.o)
    0x08008fae   0x0000000a   Code   RO          964    x$fpl$fretinf       fz_ws.l(fretinf.o)
    0x08008fb8   0x00000062   Code   RO          890    x$fpl$frleqf        fz_ws.l(frleqf.o)
    0x0800901a   0x00000014   Code   RO          865    x$fpl$frsb          fz_ws.l(faddsub_clz.o)
    0x0800902e   0x00000002   PAD
    0x08009030   0x00000110   Code   RO          966    x$fpl$fsqrt         fz_ws.l(fsqrt.o)
    0x08009140   0x000000ea   Code   RO          866    x$fpl$fsub          fz_ws.l(faddsub_clz.o)
    0x0800922a   0x00000004   Code   RO          892    x$fpl$printf1       fz_ws.l(printf1.o)
    0x0800922e   0x00000064   Code   RO         1149    x$fpl$retnan        fz_ws.l(retnan.o)
    0x08009292   0x0000005c   Code   RO          968    x$fpl$scalbn        fz_ws.l(scalbn.o)
    0x080092ee   0x00000004   Code   RO         1083    x$fpl$scanf1        fz_ws.l(scanf1.o)
    0x080092f2   0x00000008   Code   RO         1163    x$fpl$scanf2        fz_ws.l(scanf2.o)
    0x080092fa   0x00000030   Code   RO         1169    x$fpl$trapveneer    fz_ws.l(trapv.o)
    0x0800932a   0x00000000   Code   RO          970    x$fpl$usenofp       fz_ws.l(usenofp.o)
    0x0800932a   0x0000000a   Data   RO          661    .constdata          24l01.o
    0x08009334   0x00000004   PAD
    0x08009338   0x00000050   Data   RO          896    .constdata          m_ws.l(asin.o)
    0x08009388   0x00000098   Data   RO          973    .constdata          m_ws.l(atan.o)
    0x08009420   0x00000030   Data   RO          982    .constdata          m_ws.l(cos_i.o)
    0x08009450   0x00000008   Data   RO          990    .constdata          m_ws.l(qnan.o)
    0x08009458   0x000000c8   Data   RO          993    .constdata          m_ws.l(rred.o)
    0x08009520   0x00000028   Data   RO          997    .constdata          m_ws.l(sin_i.o)
    0x08009548   0x00000094   Data   RO         1046    .constdata          c_w.l(bigflt0.o)
    0x080095dc   0x00000020   Data   RO         1271    Region$$Table       anon$$obj.o
    0x080095fc   0x00000008   Data   RO         1158    c$$dinf             fz_ws.l(fpconst.o)
    0x08009604   0x0000001c   Data   RO         1074    locale$$data        c_w.l(lc_numeric_c.o)
    0x08009620   0x00000110   Data   RO         1153    locale$$data        c_w.l(lc_ctype_c.o)


    Execution Region RW_IRAM1 (Base: 0x20000000, Size: 0x00000a20, Max: 0x00010000, ABSOLUTE)

    Base Addr    Size         Type   Attr      Idx    E Section Name        Object

    0x20000000   0x00000014   Data   RW          175    .data               system_stm32f10x.o
    0x20000014   0x00000014   Data   RW          430    .data               stm32f10x_rcc.o
    0x20000028   0x00000006   Data   RW          525    .data               delay.o
    0x2000002e   0x00000002   PAD
    0x20000030   0x00000008   Data   RW          552    .data               usart.o
    0x20000038   0x00000010   Data   RW          586    .data               hmc.o
    0x20000048   0x00000010   Data   RW          643    .data               mpu6050.o
    0x20000058   0x00000004   Data   RW          703    .data               timer.o
    0x2000005c   0x00000014   Data   RW          717    .data               data_transfer.o
    0x20000070   0x00000014   Data   RW          736    .data               motor.o
    0x20000084   0x00000014   Data   RW          752    .data               pid.o
    0x20000098   0x00000078   Data   RW          780    .data               suanfa.o
    0x20000110   0x000000c8   Zero   RW          551    .bss                usart.o
    0x200001d8   0x00000078   Zero   RW          642    .bss                mpu6050.o
    0x20000250   0x00000032   Zero   RW          716    .bss                data_transfer.o
    0x20000282   0x00000006   PAD
    0x20000288   0x00000138   Zero   RW          751    .bss                pid.o
    0x200003c0   0x00000060   Zero   RW         1086    .bss                c_w.l(libspace.o)
    0x20000420   0x00000200   Zero   RW          204    HEAP                startup_stm32f10x_hd.o
    0x20000620   0x00000400   Zero   RW          203    STACK               startup_stm32f10x_hd.o


==============================================================================

Image component sizes


      Code (inc. data)   RO Data    RW Data    ZI Data      Debug   Object Name

       796         48         10          0          0       3675   24l01.o
         0          0          0          0          0         32   core_cm3.o
      1128         76          0         20         50       2976   data_transfer.o
       252         22          0          6          0       1178   delay.o
        76          0          0          0          0        541   exti.o
       668         68          0         16          0       2389   hmc.o
       216         20          0          0          0        951   led.o
       560        114          0          0          0     264370   main.o
       220         20          0          0          0       1777   misc.o
       340         26          0         20          0       1051   motor.o
       840         50          0         16        120       2640   mpu6050.o
      1032         22          0          0          0       4233   myiic.o
       824         82          0         20        312       3880   pid.o
       340          8          0          0          0       1415   pwm.o
       252          8          0          0          0       1069   spi.o
        64         26        304          0       1536        772   startup_stm32f10x_hd.o
       284         10          0          0          0       2207   stm32f10x_exti.o
       856         40          0          0          0       5621   stm32f10x_gpio.o
        26          0          0          0          0       1170   stm32f10x_it.o
       932         44          0         20          0       8780   stm32f10x_rcc.o
       780         14          0          0          0       6502   stm32f10x_spi.o
      3610         88          0          0          0      22104   stm32f10x_tim.o
      1032         22          0          0          0       8348   stm32f10x_usart.o
      4296        228          0        120          0       4791   suanfa.o
        12          0          0          0          0        441   sys.o
       476         36          0         20          0       1707   system_stm32f10x.o
       280         28          0          4          0       1242   timer.o
       320         18          0          8        200       3078   usart.o

    ----------------------------------------------------------------------
     20516       1118        350        272       2224     358940   Object Totals
         0          0         32          0          0          0   (incl. Generated)
         4          0          4          2          6          0   (incl. Padding)

    ----------------------------------------------------------------------

      Code (inc. data)   RO Data    RW Data    ZI Data      Debug   Library Member Name

         8          0          0          0          0         68   __main.o
       352          0          0          0          0         88   __printf_ss_wp.o
        14          0          0          0          0         68   __printf_wp.o
        52          8          0          0          0          0   __scatter.o
        26          0          0          0          0          0   __scatter_copy.o
        28          0          0          0          0          0   __scatter_zi.o
        28          0          0          0          0         68   _chval.o
        48          6          0          0          0         96   _printf_char_common.o
        36          4          0          0          0         80   _printf_char_file.o
         6          0          0          0          0          0   _printf_d.o
       120         18          0          0          0         92   _printf_dec.o
         6          0          0          0          0          0   _printf_f.o
      1056          0          0          0          0        212   _printf_fp_dec.o
       128         16          0          0          0         84   _printf_fp_infnan.o
       184          0          0          0          0         88   _printf_intcommon.o
         0          0          0          0          0          0   _printf_percent.o
         4          0          0          0          0          0   _printf_percent_end.o
        22          0          0          0          0        100   _rserrno.o
        64          0          0          0          0         84   _sgetc.o
       228          6        148          0          0         96   bigflt0.o
      2074        132          0          0          0        940   btod.o
        12          0          0          0          0         72   exit.o
         8          0          0          0          0         68   ferror.o
         6          0          0          0          0        152   heapauxi.o
        18          0          0          0          0         76   isspace.o
        44         10        272          0          0         76   lc_ctype_c.o
        44         10         28          0          0         76   lc_numeric_c.o
         2          0          0          0          0          0   libinit.o
        30          0          0          0          0          0   libinit2.o
         2          0          0          0          0          0   libshutdown.o
         2          0          0          0          0          0   libshutdown2.o
         8          4          0          0         96         68   libspace.o
        38          0          0          0          0         68   llshl.o
       138          0          0          0          0         80   lludiv10.o
        24          4          0          0          0         84   noretval__2printf.o
        16          4          0          0          0         76   rt_ctype_table.o
         8          4          0          0          0         68   rt_errno_addr_intlibspace.o
         8          4          0          0          0         68   rt_locale_intlibspace.o
         0          0          0          0          0          0   rtentry.o
        12          0          0          0          0          0   rtentry2.o
         6          0          0          0          0          0   rtentry4.o
         2          0          0          0          0          0   rtexit.o
        10          0          0          0          0          0   rtexit2.o
      1188         12          0          0          0        144   scanf_fp.o
       788         12          0          0          0         96   scanf_hexfp.o
       316         18          0          0          0         96   scanf_infnan.o
       128          0          0          0          0         68   strcmpv7m.o
       160         12          0          0          0        120   strtod.o
        74          0          0          0          0         80   sys_stackheap_outer.o
         2          0          0          0          0         68   use_no_semi.o
         2          0          0          0          0         68   use_no_semi_2.o
        98          4          0          0          0         92   d2f.o
       826         16          0          0          0        356   daddsub_clz.o
        16          4          0          0          0         68   dcheck1.o
        24          0          0          0          0         68   dcmpi.o
       688        140          0          0          0        212   ddiv.o
       120          4          0          0          0         92   deqf.o
        94          4          0          0          0         92   dfix.o
        84          0          0          0          0        136   dflt_clz.o
       120          4          0          0          0         92   dleqf.o
       340         12          0          0          0        104   dmul.o
       156          4          0          0          0         92   dnaninf.o
        12          0          0          0          0         68   dretinf.o
       108          0          0          0          0         80   drleqf.o
       460         56          0          0          0        120   dsqrt_noumaal.o
        86          4          0          0          0         84   f2d.o
       450          8          0          0          0        236   faddsub_clz.o
        24          0          0          0          0         68   fcmpi.o
       104          4          0          0          0         84   feqf.o
        54          4          0          0          0         84   ffix.o
        62          4          0          0          0         84   ffixu.o
        86          0          0          0          0        136   fflt_clz.o
       104          4          0          0          0         84   fleqf.o
       258          4          0          0          0         84   fmul.o
       140          4          0          0          0         84   fnaninf.o
         0          0          8          0          0          0   fpconst.o
        10          0          0          0          0         68   fretinf.o
        98          0          0          0          0         68   frleqf.o
       272        100          0          0          0         88   fsqrt.o
         4          0          0          0          0         68   printf1.o
       100          0          0          0          0         68   retnan.o
        92          0          0          0          0         68   scalbn.o
         4          0          0          0          0         68   scanf1.o
         8          0          0          0          0         84   scanf2.o
        48          0          0          0          0         68   trapv.o
         0          0          0          0          0          0   usenofp.o
       636         52         80          0          0        168   asin.o
       548         70        152          0          0        124   atan.o
       384         38          0          0          0        144   atan2.o
        42          0          0          0          0         84   atof.o
       172          8          0          0          0        112   cos.o
       252         22         48          0          0        124   cos_i.o
        16          6          0          0          0         68   dunder.o
        40          0          0          0          0         68   fpclassify.o
        88          8          0          0          0         76   frexp.o
       148          0          0          0          0        160   ldexp.o
       152          4          0          0          0        160   narrow.o
       170          0          0          0          0         96   poly.o
         0          0          8          0          0          0   qnan.o
       904         72        200          0          0        132   rred.o
       176         10          0          0          0        116   sin.o
       236         12         40          0          0        128   sin_i.o
        78          0          0          0          0         84   sqrt.o
        44          0          0          0          0         80   sqrtf.o

    ----------------------------------------------------------------------
     16854        972        984          0         96       9208   Library Totals
        38          2          0          0          0          0   (incl. Padding)

    ----------------------------------------------------------------------

      Code (inc. data)   RO Data    RW Data    ZI Data      Debug   Library Name

      7580        284        448          0         96       3936   c_w.l
      5150        384          8          0          0       3348   fz_ws.l
      4086        302        528          0          0       1924   m_ws.l

    ----------------------------------------------------------------------
     16854        972        984          0         96       9208   Library Totals

    ----------------------------------------------------------------------

==============================================================================


      Code (inc. data)   RO Data    RW Data    ZI Data      Debug   

     37370       2090       1334        272       2320     360660   Grand Totals
     37370       2090       1334        272       2320     360660   ELF Image Totals
     37370       2090       1334        272          0          0   ROM Totals

==============================================================================

    Total RO  Size (Code + RO Data)                38704 (  37.80kB)
    Total RW  Size (RW Data + ZI Data)              2592 (   2.53kB)
    Total ROM Size (Code + RO Data + RW Data)      38976 (  38.06kB)

==============================================================================

